{"type": "stage_event", "request_id": "req-000001", "experiment_mode": "pd_split", "stage": "prefill", "node": "node1", "event": "start", "timestamp_ns": 1769789806918564283}
{"type": "stage_event", "request_id": "req-000001", "experiment_mode": "pd_split", "stage": "prefill", "node": "node3", "event": "end", "timestamp_ns": 1769789807252298291}
{"type": "stage_event", "request_id": "req-000001", "experiment_mode": "pd_split", "stage": "decode", "node": "node5", "event": "start", "timestamp_ns": 1769789807253746298}
{"type": "stage_event", "request_id": "req-000002", "experiment_mode": "pd_split", "stage": "prefill", "node": "node1", "event": "start", "timestamp_ns": 1769789807286669021}
{"type": "stage_event", "request_id": "req-000003", "experiment_mode": "pd_split", "stage": "prefill", "node": "node1", "event": "start", "timestamp_ns": 1769789807286851842}
{"type": "stage_event", "request_id": "req-000004", "experiment_mode": "pd_split", "stage": "prefill", "node": "node1", "event": "start", "timestamp_ns": 1769789807286956709}
{"type": "stage_event", "request_id": "req-000002", "experiment_mode": "pd_split", "stage": "prefill", "node": "node3", "event": "end", "timestamp_ns": 1769789807766512330}
{"type": "stage_event", "request_id": "req-000003", "experiment_mode": "pd_split", "stage": "prefill", "node": "node3", "event": "end", "timestamp_ns": 1769789807766686351}
{"type": "stage_event", "request_id": "req-000004", "experiment_mode": "pd_split", "stage": "prefill", "node": "node3", "event": "end", "timestamp_ns": 1769789807766816435}
{"type": "stage_event", "request_id": "req-000002", "experiment_mode": "pd_split", "stage": "decode", "node": "node5", "event": "start", "timestamp_ns": 1769789807768620836}
{"type": "stage_event", "request_id": "req-000003", "experiment_mode": "pd_split", "stage": "decode", "node": "node5", "event": "start", "timestamp_ns": 1769789807768909036}
{"type": "stage_event", "request_id": "req-000004", "experiment_mode": "pd_split", "stage": "decode", "node": "node5", "event": "start", "timestamp_ns": 1769789807769265270}
{"type": "stage_event", "request_id": "req-000001", "experiment_mode": "pd_split", "stage": "decode", "node": "node5", "event": "end", "timestamp_ns": 1769789850883910057}
{"type": "stage_event", "request_id": "req-000002", "experiment_mode": "pd_split", "stage": "decode", "node": "node5", "event": "end", "timestamp_ns": 1769789851662747993}
{"type": "stage_event", "request_id": "req-000003", "experiment_mode": "pd_split", "stage": "decode", "node": "node5", "event": "end", "timestamp_ns": 1769789851666771559}
{"type": "stage_event", "request_id": "req-000004", "experiment_mode": "pd_split", "stage": "decode", "node": "node5", "event": "end", "timestamp_ns": 1769789851670245126}
{"type": "stage_event", "request_id": "req-000005", "experiment_mode": "pd_split", "stage": "prefill", "node": "node1", "event": "start", "timestamp_ns": 1769789900329312361}
{"type": "stage_event", "request_id": "req-000005", "experiment_mode": "pd_split", "stage": "prefill", "node": "node3", "event": "end", "timestamp_ns": 1769789900950032699}
{"type": "stage_event", "request_id": "req-000005", "experiment_mode": "pd_split", "stage": "decode", "node": "node5", "event": "start", "timestamp_ns": 1769789900951871917}
{"type": "stage_event", "request_id": "req-000006", "experiment_mode": "pd_split", "stage": "prefill", "node": "node1", "event": "start", "timestamp_ns": 1769789900983106466}
{"type": "stage_event", "request_id": "req-000007", "experiment_mode": "pd_split", "stage": "prefill", "node": "node1", "event": "start", "timestamp_ns": 1769789900983276775}
{"type": "stage_event", "request_id": "req-000008", "experiment_mode": "pd_split", "stage": "prefill", "node": "node1", "event": "start", "timestamp_ns": 1769789900983444235}
{"type": "stage_event", "request_id": "req-000006", "experiment_mode": "pd_split", "stage": "prefill", "node": "node3", "event": "end", "timestamp_ns": 1769789901457024013}
{"type": "stage_event", "request_id": "req-000007", "experiment_mode": "pd_split", "stage": "prefill", "node": "node3", "event": "end", "timestamp_ns": 1769789901457276564}
{"type": "stage_event", "request_id": "req-000008", "experiment_mode": "pd_split", "stage": "prefill", "node": "node3", "event": "end", "timestamp_ns": 1769789901457545307}
{"type": "stage_event", "request_id": "req-000009", "experiment_mode": "pd_split", "stage": "prefill", "node": "node1", "event": "start", "timestamp_ns": 1769789904741102633}
{"type": "stage_event", "request_id": "req-000009", "experiment_mode": "pd_split", "stage": "prefill", "node": "node3", "event": "end", "timestamp_ns": 1769789909532665545}
{"type": "stage_event", "request_id": "req-000010", "experiment_mode": "pd_split", "stage": "prefill", "node": "node1", "event": "start", "timestamp_ns": 1769789909564587217}
{"type": "stage_event", "request_id": "req-000011", "experiment_mode": "pd_split", "stage": "prefill", "node": "node1", "event": "start", "timestamp_ns": 1769789909564768758}
{"type": "stage_event", "request_id": "req-000012", "experiment_mode": "pd_split", "stage": "prefill", "node": "node1", "event": "start", "timestamp_ns": 1769789909564942043}
{"type": "stage_event", "request_id": "req-000010", "experiment_mode": "pd_split", "stage": "prefill", "node": "node3", "event": "end", "timestamp_ns": 1769789923815878632}
{"type": "stage_event", "request_id": "req-000011", "experiment_mode": "pd_split", "stage": "prefill", "node": "node3", "event": "end", "timestamp_ns": 1769789923815989547}
{"type": "stage_event", "request_id": "req-000012", "experiment_mode": "pd_split", "stage": "prefill", "node": "node3", "event": "end", "timestamp_ns": 1769789923816273458}
{"type": "stage_event", "request_id": "req-000005", "experiment_mode": "pd_split", "stage": "decode", "node": "node5", "event": "end", "timestamp_ns": 1769789933408353093}
{"type": "stage_event", "request_id": "req-000006", "experiment_mode": "pd_split", "stage": "decode", "node": "node5", "event": "start", "timestamp_ns": 1769789933422137501}
{"type": "stage_event", "request_id": "req-000007", "experiment_mode": "pd_split", "stage": "decode", "node": "node5", "event": "start", "timestamp_ns": 1769789933422209503}
{"type": "stage_event", "request_id": "req-000008", "experiment_mode": "pd_split", "stage": "decode", "node": "node5", "event": "start", "timestamp_ns": 1769789933422304450}
{"type": "stage_event", "request_id": "req-000006", "experiment_mode": "pd_split", "stage": "decode", "node": "node5", "event": "end", "timestamp_ns": 1769789958208859833}
{"type": "stage_event", "request_id": "req-000007", "experiment_mode": "pd_split", "stage": "decode", "node": "node5", "event": "end", "timestamp_ns": 1769789958212761828}
{"type": "stage_event", "request_id": "req-000008", "experiment_mode": "pd_split", "stage": "decode", "node": "node5", "event": "end", "timestamp_ns": 1769789958216136544}
{"type": "stage_event", "request_id": "req-000009", "experiment_mode": "pd_split", "stage": "decode", "node": "node5", "event": "start", "timestamp_ns": 1769789958221457969}
{"type": "stage_event", "request_id": "req-000010", "experiment_mode": "pd_split", "stage": "decode", "node": "node5", "event": "start", "timestamp_ns": 1769789958221520147}
{"type": "stage_event", "request_id": "req-000011", "experiment_mode": "pd_split", "stage": "decode", "node": "node5", "event": "start", "timestamp_ns": 1769789958221779226}
{"type": "stage_event", "request_id": "req-000012", "experiment_mode": "pd_split", "stage": "decode", "node": "node5", "event": "start", "timestamp_ns": 1769789958222071010}
{"type": "stage_event", "request_id": "req-000009", "experiment_mode": "pd_split", "stage": "decode", "node": "node5", "event": "end", "timestamp_ns": 1769789971605202139}
{"type": "stage_event", "request_id": "req-000010", "experiment_mode": "pd_split", "stage": "decode", "node": "node5", "event": "end", "timestamp_ns": 1769789971607381686}
{"type": "stage_event", "request_id": "req-000011", "experiment_mode": "pd_split", "stage": "decode", "node": "node5", "event": "end", "timestamp_ns": 1769789971609565362}
{"type": "stage_event", "request_id": "req-000012", "experiment_mode": "pd_split", "stage": "decode", "node": "node5", "event": "end", "timestamp_ns": 1769789971611782926}
{"type": "stage_event", "request_id": "req-000013", "experiment_mode": "pd_split", "stage": "prefill", "node": "node1", "event": "start", "timestamp_ns": 1769790223800857115}
{"type": "stage_event", "request_id": "req-000013", "experiment_mode": "pd_split", "stage": "prefill", "node": "node3", "event": "end", "timestamp_ns": 1769790224125763233}
{"type": "stage_event", "request_id": "req-000013", "experiment_mode": "pd_split", "stage": "decode", "node": "node5", "event": "start", "timestamp_ns": 1769790224149313604}
{"type": "stage_event", "request_id": "req-000014", "experiment_mode": "pd_split", "stage": "prefill", "node": "node1", "event": "start", "timestamp_ns": 1769790224164239067}
{"type": "stage_event", "request_id": "req-000015", "experiment_mode": "pd_split", "stage": "prefill", "node": "node1", "event": "start", "timestamp_ns": 1769790224164558916}
{"type": "stage_event", "request_id": "req-000016", "experiment_mode": "pd_split", "stage": "prefill", "node": "node1", "event": "start", "timestamp_ns": 1769790224164751817}
{"type": "stage_event", "request_id": "req-000014", "experiment_mode": "pd_split", "stage": "prefill", "node": "node3", "event": "end", "timestamp_ns": 1769790224630187178}
{"type": "stage_event", "request_id": "req-000015", "experiment_mode": "pd_split", "stage": "prefill", "node": "node3", "event": "end", "timestamp_ns": 1769790224630640247}
{"type": "stage_event", "request_id": "req-000016", "experiment_mode": "pd_split", "stage": "prefill", "node": "node3", "event": "end", "timestamp_ns": 1769790224630716345}
{"type": "stage_event", "request_id": "req-000017", "experiment_mode": "pd_split", "stage": "prefill", "node": "node1", "event": "start", "timestamp_ns": 1769790228296673187}
{"type": "stage_event", "request_id": "req-000017", "experiment_mode": "pd_split", "stage": "prefill", "node": "node3", "event": "end", "timestamp_ns": 1769790232555468772}
{"type": "stage_event", "request_id": "req-000018", "experiment_mode": "pd_split", "stage": "prefill", "node": "node1", "event": "start", "timestamp_ns": 1769790232587339402}
{"type": "stage_event", "request_id": "req-000019", "experiment_mode": "pd_split", "stage": "prefill", "node": "node1", "event": "start", "timestamp_ns": 1769790232588055102}
{"type": "stage_event", "request_id": "req-000020", "experiment_mode": "pd_split", "stage": "prefill", "node": "node1", "event": "start", "timestamp_ns": 1769790232588252707}
{"type": "stage_event", "request_id": "req-000018", "experiment_mode": "pd_split", "stage": "prefill", "node": "node3", "event": "end", "timestamp_ns": 1769790245401624280}
{"type": "stage_event", "request_id": "req-000019", "experiment_mode": "pd_split", "stage": "prefill", "node": "node3", "event": "end", "timestamp_ns": 1769790245401957025}
{"type": "stage_event", "request_id": "req-000020", "experiment_mode": "pd_split", "stage": "prefill", "node": "node3", "event": "end", "timestamp_ns": 1769790245402265194}
{"type": "stage_event", "request_id": "req-000013", "experiment_mode": "pd_split", "stage": "decode", "node": "node5", "event": "end", "timestamp_ns": 1769790256646587598}
{"type": "stage_event", "request_id": "req-000014", "experiment_mode": "pd_split", "stage": "decode", "node": "node5", "event": "start", "timestamp_ns": 1769790256750388543}
{"type": "stage_event", "request_id": "req-000015", "experiment_mode": "pd_split", "stage": "decode", "node": "node5", "event": "start", "timestamp_ns": 1769790256750503170}
{"type": "stage_event", "request_id": "req-000016", "experiment_mode": "pd_split", "stage": "decode", "node": "node5", "event": "start", "timestamp_ns": 1769790256750694888}
{"type": "stage_event", "request_id": "req-000014", "experiment_mode": "pd_split", "stage": "decode", "node": "node5", "event": "end", "timestamp_ns": 1769790281420531395}
{"type": "stage_event", "request_id": "req-000015", "experiment_mode": "pd_split", "stage": "decode", "node": "node5", "event": "end", "timestamp_ns": 1769790281424299689}
{"type": "stage_event", "request_id": "req-000016", "experiment_mode": "pd_split", "stage": "decode", "node": "node5", "event": "end", "timestamp_ns": 1769790281428445947}
{"type": "stage_event", "request_id": "req-000017", "experiment_mode": "pd_split", "stage": "decode", "node": "node5", "event": "start", "timestamp_ns": 1769790281435274133}
{"type": "stage_event", "request_id": "req-000018", "experiment_mode": "pd_split", "stage": "decode", "node": "node5", "event": "start", "timestamp_ns": 1769790281435345399}
{"type": "stage_event", "request_id": "req-000019", "experiment_mode": "pd_split", "stage": "decode", "node": "node5", "event": "start", "timestamp_ns": 1769790281435468474}
{"type": "stage_event", "request_id": "req-000020", "experiment_mode": "pd_split", "stage": "decode", "node": "node5", "event": "start", "timestamp_ns": 1769790281435621535}
{"type": "stage_event", "request_id": "req-000017", "experiment_mode": "pd_split", "stage": "decode", "node": "node5", "event": "end", "timestamp_ns": 1769790294965739901}
{"type": "stage_event", "request_id": "req-000018", "experiment_mode": "pd_split", "stage": "decode", "node": "node5", "event": "end", "timestamp_ns": 1769790294967950745}
{"type": "stage_event", "request_id": "req-000019", "experiment_mode": "pd_split", "stage": "decode", "node": "node5", "event": "end", "timestamp_ns": 1769790294970063379}
{"type": "stage_event", "request_id": "req-000020", "experiment_mode": "pd_split", "stage": "decode", "node": "node5", "event": "end", "timestamp_ns": 1769790294972147916}
{"type": "stage_event", "request_id": "req-000021", "experiment_mode": "pd_split", "stage": "prefill", "node": "node1", "event": "start", "timestamp_ns": 1769790320932773988}
{"type": "stage_event", "request_id": "req-000021", "experiment_mode": "pd_split", "stage": "prefill", "node": "node3", "event": "end", "timestamp_ns": 1769790321333884298}
{"type": "stage_event", "request_id": "req-000021", "experiment_mode": "pd_split", "stage": "decode", "node": "node5", "event": "start", "timestamp_ns": 1769790321352589128}
{"type": "stage_event", "request_id": "req-000022", "experiment_mode": "pd_split", "stage": "prefill", "node": "node1", "event": "start", "timestamp_ns": 1769790326212042835}
{"type": "stage_event", "request_id": "req-000022", "experiment_mode": "pd_split", "stage": "prefill", "node": "node3", "event": "end", "timestamp_ns": 1769790326545189145}
{"type": "stage_event", "request_id": "req-000023", "experiment_mode": "pd_split", "stage": "prefill", "node": "node1", "event": "start", "timestamp_ns": 1769790326576579186}
{"type": "stage_event", "request_id": "req-000024", "experiment_mode": "pd_split", "stage": "prefill", "node": "node1", "event": "start", "timestamp_ns": 1769790326576733079}
{"type": "stage_event", "request_id": "req-000025", "experiment_mode": "pd_split", "stage": "prefill", "node": "node1", "event": "start", "timestamp_ns": 1769790326577043967}
{"type": "stage_event", "request_id": "req-000023", "experiment_mode": "pd_split", "stage": "prefill", "node": "node3", "event": "end", "timestamp_ns": 1769790327020824625}
{"type": "stage_event", "request_id": "req-000024", "experiment_mode": "pd_split", "stage": "prefill", "node": "node3", "event": "end", "timestamp_ns": 1769790327021113017}
{"type": "stage_event", "request_id": "req-000025", "experiment_mode": "pd_split", "stage": "prefill", "node": "node3", "event": "end", "timestamp_ns": 1769790327021250685}
{"type": "stage_event", "request_id": "req-000026", "experiment_mode": "pd_split", "stage": "prefill", "node": "node1", "event": "start", "timestamp_ns": 1769790328657893889}
{"type": "stage_event", "request_id": "req-000026", "experiment_mode": "pd_split", "stage": "prefill", "node": "node3", "event": "end", "timestamp_ns": 1769790332847789031}
{"type": "stage_event", "request_id": "req-000027", "experiment_mode": "pd_split", "stage": "prefill", "node": "node1", "event": "start", "timestamp_ns": 1769790332879098398}
{"type": "stage_event", "request_id": "req-000028", "experiment_mode": "pd_split", "stage": "prefill", "node": "node1", "event": "start", "timestamp_ns": 1769790332879295907}
{"type": "stage_event", "request_id": "req-000029", "experiment_mode": "pd_split", "stage": "prefill", "node": "node1", "event": "start", "timestamp_ns": 1769790332879504137}
{"type": "stage_event", "request_id": "req-000027", "experiment_mode": "pd_split", "stage": "prefill", "node": "node3", "event": "end", "timestamp_ns": 1769790345635922307}
{"type": "stage_event", "request_id": "req-000028", "experiment_mode": "pd_split", "stage": "prefill", "node": "node3", "event": "end", "timestamp_ns": 1769790345636467922}
{"type": "stage_event", "request_id": "req-000029", "experiment_mode": "pd_split", "stage": "prefill", "node": "node3", "event": "end", "timestamp_ns": 1769790345636575188}
{"type": "stage_event", "request_id": "req-000021", "experiment_mode": "pd_split", "stage": "decode", "node": "node5", "event": "end", "timestamp_ns": 1769790355901620934}
{"type": "stage_event", "request_id": "req-000022", "experiment_mode": "pd_split", "stage": "decode", "node": "node5", "event": "start", "timestamp_ns": 1769790355906687088}
{"type": "stage_event", "request_id": "req-000023", "experiment_mode": "pd_split", "stage": "decode", "node": "node5", "event": "start", "timestamp_ns": 1769790355906761170}
{"type": "stage_event", "request_id": "req-000024", "experiment_mode": "pd_split", "stage": "decode", "node": "node5", "event": "start", "timestamp_ns": 1769790355906888117}
{"type": "stage_event", "request_id": "req-000025", "experiment_mode": "pd_split", "stage": "decode", "node": "node5", "event": "start", "timestamp_ns": 1769790355907067930}
{"type": "stage_event", "request_id": "req-000022", "experiment_mode": "pd_split", "stage": "decode", "node": "node5", "event": "end", "timestamp_ns": 1769790382813783243}
{"type": "stage_event", "request_id": "req-000023", "experiment_mode": "pd_split", "stage": "decode", "node": "node5", "event": "end", "timestamp_ns": 1769790382817787192}
{"type": "stage_event", "request_id": "req-000024", "experiment_mode": "pd_split", "stage": "decode", "node": "node5", "event": "end", "timestamp_ns": 1769790382821846151}
{"type": "stage_event", "request_id": "req-000025", "experiment_mode": "pd_split", "stage": "decode", "node": "node5", "event": "end", "timestamp_ns": 1769790382826516071}
{"type": "stage_event", "request_id": "req-000026", "experiment_mode": "pd_split", "stage": "decode", "node": "node5", "event": "start", "timestamp_ns": 1769790382834429119}
{"type": "stage_event", "request_id": "req-000027", "experiment_mode": "pd_split", "stage": "decode", "node": "node5", "event": "start", "timestamp_ns": 1769790382834514273}
{"type": "stage_event", "request_id": "req-000028", "experiment_mode": "pd_split", "stage": "decode", "node": "node5", "event": "start", "timestamp_ns": 1769790382834663621}
{"type": "stage_event", "request_id": "req-000029", "experiment_mode": "pd_split", "stage": "decode", "node": "node5", "event": "start", "timestamp_ns": 1769790382834719559}
{"type": "stage_event", "request_id": "req-000026", "experiment_mode": "pd_split", "stage": "decode", "node": "node5", "event": "end", "timestamp_ns": 1769790396279407521}
{"type": "stage_event", "request_id": "req-000027", "experiment_mode": "pd_split", "stage": "decode", "node": "node5", "event": "end", "timestamp_ns": 1769790396281747521}
{"type": "stage_event", "request_id": "req-000028", "experiment_mode": "pd_split", "stage": "decode", "node": "node5", "event": "end", "timestamp_ns": 1769790396283712567}
{"type": "stage_event", "request_id": "req-000029", "experiment_mode": "pd_split", "stage": "decode", "node": "node5", "event": "end", "timestamp_ns": 1769790396285839473}
{"type": "stage_event", "request_id": "req-000030", "experiment_mode": "pd_split", "stage": "prefill", "node": "node1", "event": "start", "timestamp_ns": 1769790409567147166}
{"type": "stage_event", "request_id": "req-000030", "experiment_mode": "pd_split", "stage": "prefill", "node": "node3", "event": "end", "timestamp_ns": 1769790411258222768}
{"type": "stage_event", "request_id": "req-000030", "experiment_mode": "pd_split", "stage": "decode", "node": "node5", "event": "start", "timestamp_ns": 1769790411279456339}
{"type": "stage_event", "request_id": "req-000030", "experiment_mode": "pd_split", "stage": "decode", "node": "node5", "event": "end", "timestamp_ns": 1769790433440200014}
{"type": "stage_event", "request_id": "req-000031", "experiment_mode": "pd_split", "stage": "prefill", "node": "node1", "event": "start", "timestamp_ns": 1769790439683265342}
{"type": "stage_event", "request_id": "req-000031", "experiment_mode": "pd_split", "stage": "prefill", "node": "node3", "event": "end", "timestamp_ns": 1769790439999870625}
{"type": "stage_event", "request_id": "req-000031", "experiment_mode": "pd_split", "stage": "decode", "node": "node5", "event": "start", "timestamp_ns": 1769790440006616505}
{"type": "stage_event", "request_id": "req-000032", "experiment_mode": "pd_split", "stage": "prefill", "node": "node1", "event": "start", "timestamp_ns": 1769790440033195951}
{"type": "stage_event", "request_id": "req-000033", "experiment_mode": "pd_split", "stage": "prefill", "node": "node1", "event": "start", "timestamp_ns": 1769790440033376819}
{"type": "stage_event", "request_id": "req-000034", "experiment_mode": "pd_split", "stage": "prefill", "node": "node1", "event": "start", "timestamp_ns": 1769790440033606490}
{"type": "stage_event", "request_id": "req-000032", "experiment_mode": "pd_split", "stage": "prefill", "node": "node3", "event": "end", "timestamp_ns": 1769790440499322498}
{"type": "stage_event", "request_id": "req-000033", "experiment_mode": "pd_split", "stage": "prefill", "node": "node3", "event": "end", "timestamp_ns": 1769790440500030582}
{"type": "stage_event", "request_id": "req-000034", "experiment_mode": "pd_split", "stage": "prefill", "node": "node3", "event": "end", "timestamp_ns": 1769790440500464129}
{"type": "stage_event", "request_id": "req-000031", "experiment_mode": "pd_split", "stage": "decode", "node": "node5", "event": "end", "timestamp_ns": 1769790461820163691}
{"type": "stage_event", "request_id": "req-000032", "experiment_mode": "pd_split", "stage": "decode", "node": "node5", "event": "start", "timestamp_ns": 1769790461923964733}
{"type": "stage_event", "request_id": "req-000033", "experiment_mode": "pd_split", "stage": "decode", "node": "node5", "event": "start", "timestamp_ns": 1769790461924061119}
{"type": "stage_event", "request_id": "req-000034", "experiment_mode": "pd_split", "stage": "decode", "node": "node5", "event": "start", "timestamp_ns": 1769790461924229956}
{"type": "stage_event", "request_id": "req-000032", "experiment_mode": "pd_split", "stage": "decode", "node": "node5", "event": "end", "timestamp_ns": 1769790487043222600}
{"type": "stage_event", "request_id": "req-000033", "experiment_mode": "pd_split", "stage": "decode", "node": "node5", "event": "end", "timestamp_ns": 1769790487046989614}
{"type": "stage_event", "request_id": "req-000034", "experiment_mode": "pd_split", "stage": "decode", "node": "node5", "event": "end", "timestamp_ns": 1769790487050977211}
{"type": "stage_event", "request_id": "req-000035", "experiment_mode": "pd_split", "stage": "prefill", "node": "node1", "event": "start", "timestamp_ns": 1769790491664081438}
{"type": "stage_event", "request_id": "req-000035", "experiment_mode": "pd_split", "stage": "prefill", "node": "node3", "event": "end", "timestamp_ns": 1769790492016131080}
{"type": "stage_event", "request_id": "req-000035", "experiment_mode": "pd_split", "stage": "decode", "node": "node5", "event": "start", "timestamp_ns": 1769790492022556087}
{"type": "stage_event", "request_id": "req-000036", "experiment_mode": "pd_split", "stage": "prefill", "node": "node1", "event": "start", "timestamp_ns": 1769790496365156354}
{"type": "stage_event", "request_id": "req-000036", "experiment_mode": "pd_split", "stage": "prefill", "node": "node3", "event": "end", "timestamp_ns": 1769790496682483000}
{"type": "stage_event", "request_id": "req-000037", "experiment_mode": "pd_split", "stage": "prefill", "node": "node1", "event": "start", "timestamp_ns": 1769790496714468577}
{"type": "stage_event", "request_id": "req-000038", "experiment_mode": "pd_split", "stage": "prefill", "node": "node1", "event": "start", "timestamp_ns": 1769790496714673318}
{"type": "stage_event", "request_id": "req-000039", "experiment_mode": "pd_split", "stage": "prefill", "node": "node1", "event": "start", "timestamp_ns": 1769790496714883372}
{"type": "stage_event", "request_id": "req-000037", "experiment_mode": "pd_split", "stage": "prefill", "node": "node3", "event": "end", "timestamp_ns": 1769790497180745273}
{"type": "stage_event", "request_id": "req-000038", "experiment_mode": "pd_split", "stage": "prefill", "node": "node3", "event": "end", "timestamp_ns": 1769790497181123331}
{"type": "stage_event", "request_id": "req-000039", "experiment_mode": "pd_split", "stage": "prefill", "node": "node3", "event": "end", "timestamp_ns": 1769790497181256455}
{"type": "stage_event", "request_id": "req-000035", "experiment_mode": "pd_split", "stage": "decode", "node": "node5", "event": "end", "timestamp_ns": 1769790514016283002}
{"type": "stage_event", "request_id": "req-000036", "experiment_mode": "pd_split", "stage": "decode", "node": "node5", "event": "start", "timestamp_ns": 1769790514021908372}
{"type": "stage_event", "request_id": "req-000037", "experiment_mode": "pd_split", "stage": "decode", "node": "node5", "event": "start", "timestamp_ns": 1769790514021980726}
{"type": "stage_event", "request_id": "req-000038", "experiment_mode": "pd_split", "stage": "decode", "node": "node5", "event": "start", "timestamp_ns": 1769790514022098169}
{"type": "stage_event", "request_id": "req-000039", "experiment_mode": "pd_split", "stage": "decode", "node": "node5", "event": "start", "timestamp_ns": 1769790514022183611}
{"type": "stage_event", "request_id": "req-000040", "experiment_mode": "pd_split", "stage": "prefill", "node": "node1", "event": "start", "timestamp_ns": 1769790515972261482}
{"type": "stage_event", "request_id": "req-000040", "experiment_mode": "pd_split", "stage": "prefill", "node": "node3", "event": "end", "timestamp_ns": 1769790520359467158}
{"type": "stage_event", "request_id": "req-000041", "experiment_mode": "pd_split", "stage": "prefill", "node": "node1", "event": "start", "timestamp_ns": 1769790520390917072}
{"type": "stage_event", "request_id": "req-000042", "experiment_mode": "pd_split", "stage": "prefill", "node": "node1", "event": "start", "timestamp_ns": 1769790520391083637}
{"type": "stage_event", "request_id": "req-000043", "experiment_mode": "pd_split", "stage": "prefill", "node": "node1", "event": "start", "timestamp_ns": 1769790520391398717}
{"type": "stage_event", "request_id": "req-000041", "experiment_mode": "pd_split", "stage": "prefill", "node": "node3", "event": "end", "timestamp_ns": 1769790533429252974}
{"type": "stage_event", "request_id": "req-000042", "experiment_mode": "pd_split", "stage": "prefill", "node": "node3", "event": "end", "timestamp_ns": 1769790533430387309}
{"type": "stage_event", "request_id": "req-000043", "experiment_mode": "pd_split", "stage": "prefill", "node": "node3", "event": "end", "timestamp_ns": 1769790533430523185}
{"type": "stage_event", "request_id": "req-000036", "experiment_mode": "pd_split", "stage": "decode", "node": "node5", "event": "end", "timestamp_ns": 1769790552989489396}
{"type": "stage_event", "request_id": "req-000037", "experiment_mode": "pd_split", "stage": "decode", "node": "node5", "event": "end", "timestamp_ns": 1769790552993394623}
{"type": "stage_event", "request_id": "req-000038", "experiment_mode": "pd_split", "stage": "decode", "node": "node5", "event": "end", "timestamp_ns": 1769790552998264612}
{"type": "stage_event", "request_id": "req-000039", "experiment_mode": "pd_split", "stage": "decode", "node": "node5", "event": "end", "timestamp_ns": 1769790553003219691}
{"type": "stage_event", "request_id": "req-000040", "experiment_mode": "pd_split", "stage": "decode", "node": "node5", "event": "start", "timestamp_ns": 1769790553014575329}
{"type": "stage_event", "request_id": "req-000041", "experiment_mode": "pd_split", "stage": "decode", "node": "node5", "event": "start", "timestamp_ns": 1769790553014664867}
{"type": "stage_event", "request_id": "req-000042", "experiment_mode": "pd_split", "stage": "decode", "node": "node5", "event": "start", "timestamp_ns": 1769790553014870665}
{"type": "stage_event", "request_id": "req-000043", "experiment_mode": "pd_split", "stage": "decode", "node": "node5", "event": "start", "timestamp_ns": 1769790553015420696}
{"type": "stage_event", "request_id": "req-000040", "experiment_mode": "pd_split", "stage": "decode", "node": "node5", "event": "end", "timestamp_ns": 1769790566530977270}
{"type": "stage_event", "request_id": "req-000041", "experiment_mode": "pd_split", "stage": "decode", "node": "node5", "event": "end", "timestamp_ns": 1769790566533297718}
{"type": "stage_event", "request_id": "req-000042", "experiment_mode": "pd_split", "stage": "decode", "node": "node5", "event": "end", "timestamp_ns": 1769790566535957246}
{"type": "stage_event", "request_id": "req-000043", "experiment_mode": "pd_split", "stage": "decode", "node": "node5", "event": "end", "timestamp_ns": 1769790566538488131}
{"type": "stage_event", "request_id": "req-000044", "experiment_mode": "pd_split", "stage": "prefill", "node": "node1", "event": "start", "timestamp_ns": 1769790609456951392}
{"type": "stage_event", "request_id": "req-000044", "experiment_mode": "pd_split", "stage": "prefill", "node": "node3", "event": "end", "timestamp_ns": 1769790610726681507}
{"type": "stage_event", "request_id": "req-000044", "experiment_mode": "pd_split", "stage": "decode", "node": "node5", "event": "start", "timestamp_ns": 1769790610749692727}
{"type": "stage_event", "request_id": "req-000045", "experiment_mode": "pd_split", "stage": "prefill", "node": "node1", "event": "start", "timestamp_ns": 1769790610764812820}
{"type": "stage_event", "request_id": "req-000046", "experiment_mode": "pd_split", "stage": "prefill", "node": "node1", "event": "start", "timestamp_ns": 1769790610765865553}
{"type": "stage_event", "request_id": "req-000047", "experiment_mode": "pd_split", "stage": "prefill", "node": "node1", "event": "start", "timestamp_ns": 1769790610766476097}
{"type": "stage_event", "request_id": "req-000045", "experiment_mode": "pd_split", "stage": "prefill", "node": "node3", "event": "end", "timestamp_ns": 1769790611216870503}
{"type": "stage_event", "request_id": "req-000046", "experiment_mode": "pd_split", "stage": "prefill", "node": "node3", "event": "end", "timestamp_ns": 1769790611217451255}
{"type": "stage_event", "request_id": "req-000047", "experiment_mode": "pd_split", "stage": "prefill", "node": "node3", "event": "end", "timestamp_ns": 1769790611218054024}
{"type": "stage_event", "request_id": "req-000044", "experiment_mode": "pd_split", "stage": "decode", "node": "node5", "event": "end", "timestamp_ns": 1769790632912643260}
{"type": "stage_event", "request_id": "req-000045", "experiment_mode": "pd_split", "stage": "decode", "node": "node5", "event": "start", "timestamp_ns": 1769790633016967068}
{"type": "stage_event", "request_id": "req-000046", "experiment_mode": "pd_split", "stage": "decode", "node": "node5", "event": "start", "timestamp_ns": 1769790633017094335}
{"type": "stage_event", "request_id": "req-000047", "experiment_mode": "pd_split", "stage": "decode", "node": "node5", "event": "start", "timestamp_ns": 1769790633017469673}
{"type": "stage_event", "request_id": "req-000045", "experiment_mode": "pd_split", "stage": "decode", "node": "node5", "event": "end", "timestamp_ns": 1769790658732229475}
{"type": "stage_event", "request_id": "req-000046", "experiment_mode": "pd_split", "stage": "decode", "node": "node5", "event": "end", "timestamp_ns": 1769790658736268465}
{"type": "stage_event", "request_id": "req-000047", "experiment_mode": "pd_split", "stage": "decode", "node": "node5", "event": "end", "timestamp_ns": 1769790658740697258}
{"type": "stage_event", "request_id": "req-000048", "experiment_mode": "pd_split", "stage": "prefill", "node": "node1", "event": "start", "timestamp_ns": 1769790690551202935}
{"type": "stage_event", "request_id": "req-000048", "experiment_mode": "pd_split", "stage": "prefill", "node": "node3", "event": "end", "timestamp_ns": 1769790690866559767}
{"type": "stage_event", "request_id": "req-000049", "experiment_mode": "pd_split", "stage": "prefill", "node": "node1", "event": "start", "timestamp_ns": 1769790690901666293}
{"type": "stage_event", "request_id": "req-000050", "experiment_mode": "pd_split", "stage": "prefill", "node": "node1", "event": "start", "timestamp_ns": 1769790690901865819}
{"type": "stage_event", "request_id": "req-000051", "experiment_mode": "pd_split", "stage": "prefill", "node": "node1", "event": "start", "timestamp_ns": 1769790690902232613}
{"type": "stage_event", "request_id": "req-000048", "experiment_mode": "pd_split", "stage": "decode", "node": "node5", "event": "start", "timestamp_ns": 1769790691038607375}
{"type": "stage_event", "request_id": "req-000049", "experiment_mode": "pd_split", "stage": "prefill", "node": "node3", "event": "end", "timestamp_ns": 1769790691355537338}
{"type": "stage_event", "request_id": "req-000050", "experiment_mode": "pd_split", "stage": "prefill", "node": "node3", "event": "end", "timestamp_ns": 1769790691355904356}
{"type": "stage_event", "request_id": "req-000051", "experiment_mode": "pd_split", "stage": "prefill", "node": "node3", "event": "end", "timestamp_ns": 1769790691357010563}
{"type": "stage_event", "request_id": "req-000048", "experiment_mode": "pd_split", "stage": "decode", "node": "node5", "event": "end", "timestamp_ns": 1769790713236674029}
{"type": "stage_event", "request_id": "req-000049", "experiment_mode": "pd_split", "stage": "decode", "node": "node5", "event": "start", "timestamp_ns": 1769790714240748572}
{"type": "stage_event", "request_id": "req-000050", "experiment_mode": "pd_split", "stage": "decode", "node": "node5", "event": "start", "timestamp_ns": 1769790714240900960}
{"type": "stage_event", "request_id": "req-000051", "experiment_mode": "pd_split", "stage": "decode", "node": "node5", "event": "start", "timestamp_ns": 1769790714241266538}
{"type": "stage_event", "request_id": "req-000049", "experiment_mode": "pd_split", "stage": "decode", "node": "node5", "event": "end", "timestamp_ns": 1769790739790050316}
{"type": "stage_event", "request_id": "req-000050", "experiment_mode": "pd_split", "stage": "decode", "node": "node5", "event": "end", "timestamp_ns": 1769790739794352673}
{"type": "stage_event", "request_id": "req-000051", "experiment_mode": "pd_split", "stage": "decode", "node": "node5", "event": "end", "timestamp_ns": 1769790739798194314}
{"type": "stage_event", "request_id": "req-000052", "experiment_mode": "pd_split", "stage": "prefill", "node": "node1", "event": "start", "timestamp_ns": 1769790748141622983}
{"type": "stage_event", "request_id": "req-000052", "experiment_mode": "pd_split", "stage": "prefill", "node": "node3", "event": "end", "timestamp_ns": 1769790748463489080}
{"type": "stage_event", "request_id": "req-000053", "experiment_mode": "pd_split", "stage": "prefill", "node": "node1", "event": "start", "timestamp_ns": 1769790748497843714}
{"type": "stage_event", "request_id": "req-000054", "experiment_mode": "pd_split", "stage": "prefill", "node": "node1", "event": "start", "timestamp_ns": 1769790748498044360}
{"type": "stage_event", "request_id": "req-000055", "experiment_mode": "pd_split", "stage": "prefill", "node": "node1", "event": "start", "timestamp_ns": 1769790748498474803}
{"type": "stage_event", "request_id": "req-000053", "experiment_mode": "pd_split", "stage": "prefill", "node": "node3", "event": "end", "timestamp_ns": 1769790748944832971}
{"type": "stage_event", "request_id": "req-000054", "experiment_mode": "pd_split", "stage": "prefill", "node": "node3", "event": "end", "timestamp_ns": 1769790748946317460}
{"type": "stage_event", "request_id": "req-000055", "experiment_mode": "pd_split", "stage": "prefill", "node": "node3", "event": "end", "timestamp_ns": 1769790748946414646}
{"type": "stage_event", "request_id": "req-000052", "experiment_mode": "pd_split", "stage": "decode", "node": "node5", "event": "start", "timestamp_ns": 1769790748949984536}
{"type": "stage_event", "request_id": "req-000053", "experiment_mode": "pd_split", "stage": "decode", "node": "node5", "event": "start", "timestamp_ns": 1769790748950245727}
{"type": "stage_event", "request_id": "req-000054", "experiment_mode": "pd_split", "stage": "decode", "node": "node5", "event": "start", "timestamp_ns": 1769790748951231130}
{"type": "stage_event", "request_id": "req-000055", "experiment_mode": "pd_split", "stage": "decode", "node": "node5", "event": "start", "timestamp_ns": 1769790748952204596}
{"type": "stage_event", "request_id": "req-000052", "experiment_mode": "pd_split", "stage": "decode", "node": "node5", "event": "end", "timestamp_ns": 1769790776912340239}
{"type": "stage_event", "request_id": "req-000053", "experiment_mode": "pd_split", "stage": "decode", "node": "node5", "event": "end", "timestamp_ns": 1769790776916693990}
{"type": "stage_event", "request_id": "req-000054", "experiment_mode": "pd_split", "stage": "decode", "node": "node5", "event": "end", "timestamp_ns": 1769790776921173536}
{"type": "stage_event", "request_id": "req-000055", "experiment_mode": "pd_split", "stage": "decode", "node": "node5", "event": "end", "timestamp_ns": 1769790776925224846}
{"type": "stage_event", "request_id": "req-000056", "experiment_mode": "pd_split", "stage": "prefill", "node": "node1", "event": "start", "timestamp_ns": 1769790785607390153}
{"type": "stage_event", "request_id": "req-000056", "experiment_mode": "pd_split", "stage": "prefill", "node": "node3", "event": "end", "timestamp_ns": 1769790785921132957}
{"type": "stage_event", "request_id": "req-000057", "experiment_mode": "pd_split", "stage": "prefill", "node": "node1", "event": "start", "timestamp_ns": 1769790785955164542}
{"type": "stage_event", "request_id": "req-000058", "experiment_mode": "pd_split", "stage": "prefill", "node": "node1", "event": "start", "timestamp_ns": 1769790785955345122}
{"type": "stage_event", "request_id": "req-000059", "experiment_mode": "pd_split", "stage": "prefill", "node": "node1", "event": "start", "timestamp_ns": 1769790785955751758}
{"type": "stage_event", "request_id": "req-000056", "experiment_mode": "pd_split", "stage": "decode", "node": "node5", "event": "start", "timestamp_ns": 1769790786594617772}
{"type": "stage_event", "request_id": "req-000057", "experiment_mode": "pd_split", "stage": "prefill", "node": "node3", "event": "end", "timestamp_ns": 1769790788100846374}
{"type": "stage_event", "request_id": "req-000058", "experiment_mode": "pd_split", "stage": "prefill", "node": "node3", "event": "end", "timestamp_ns": 1769790788102208203}
{"type": "stage_event", "request_id": "req-000059", "experiment_mode": "pd_split", "stage": "prefill", "node": "node3", "event": "end", "timestamp_ns": 1769790788102624310}
{"type": "stage_event", "request_id": "req-000060", "experiment_mode": "pd_split", "stage": "prefill", "node": "node1", "event": "start", "timestamp_ns": 1769790789431039418}
{"type": "stage_event", "request_id": "req-000060", "experiment_mode": "pd_split", "stage": "prefill", "node": "node3", "event": "end", "timestamp_ns": 1769790793679644187}
{"type": "stage_event", "request_id": "req-000061", "experiment_mode": "pd_split", "stage": "prefill", "node": "node1", "event": "start", "timestamp_ns": 1769790793711346204}
{"type": "stage_event", "request_id": "req-000062", "experiment_mode": "pd_split", "stage": "prefill", "node": "node1", "event": "start", "timestamp_ns": 1769790793711540674}
{"type": "stage_event", "request_id": "req-000063", "experiment_mode": "pd_split", "stage": "prefill", "node": "node1", "event": "start", "timestamp_ns": 1769790793711923116}
{"type": "stage_event", "request_id": "req-000061", "experiment_mode": "pd_split", "stage": "prefill", "node": "node3", "event": "end", "timestamp_ns": 1769790806417820973}
{"type": "stage_event", "request_id": "req-000062", "experiment_mode": "pd_split", "stage": "prefill", "node": "node3", "event": "end", "timestamp_ns": 1769790806418539616}
{"type": "stage_event", "request_id": "req-000063", "experiment_mode": "pd_split", "stage": "prefill", "node": "node3", "event": "end", "timestamp_ns": 1769790806419627198}
{"type": "stage_event", "request_id": "req-000056", "experiment_mode": "pd_split", "stage": "decode", "node": "node5", "event": "end", "timestamp_ns": 1769790821869740695}
{"type": "stage_event", "request_id": "req-000057", "experiment_mode": "pd_split", "stage": "decode", "node": "node5", "event": "start", "timestamp_ns": 1769790822873928297}
{"type": "stage_event", "request_id": "req-000058", "experiment_mode": "pd_split", "stage": "decode", "node": "node5", "event": "start", "timestamp_ns": 1769790822874113934}
{"type": "stage_event", "request_id": "req-000059", "experiment_mode": "pd_split", "stage": "decode", "node": "node5", "event": "start", "timestamp_ns": 1769790822874683294}
{"type": "stage_event", "request_id": "req-000057", "experiment_mode": "pd_split", "stage": "decode", "node": "node5", "event": "end", "timestamp_ns": 1769790848775818026}
{"type": "stage_event", "request_id": "req-000058", "experiment_mode": "pd_split", "stage": "decode", "node": "node5", "event": "end", "timestamp_ns": 1769790848779974171}
{"type": "stage_event", "request_id": "req-000059", "experiment_mode": "pd_split", "stage": "decode", "node": "node5", "event": "end", "timestamp_ns": 1769790848784009289}
{"type": "stage_event", "request_id": "req-000060", "experiment_mode": "pd_split", "stage": "decode", "node": "node5", "event": "start", "timestamp_ns": 1769790848797434680}
{"type": "stage_event", "request_id": "req-000061", "experiment_mode": "pd_split", "stage": "decode", "node": "node5", "event": "start", "timestamp_ns": 1769790848797531930}
{"type": "stage_event", "request_id": "req-000062", "experiment_mode": "pd_split", "stage": "decode", "node": "node5", "event": "start", "timestamp_ns": 1769790848797856643}
{"type": "stage_event", "request_id": "req-000063", "experiment_mode": "pd_split", "stage": "decode", "node": "node5", "event": "start", "timestamp_ns": 1769790848797940166}
{"type": "stage_event", "request_id": "req-000060", "experiment_mode": "pd_split", "stage": "decode", "node": "node5", "event": "end", "timestamp_ns": 1769790862335421935}
{"type": "stage_event", "request_id": "req-000061", "experiment_mode": "pd_split", "stage": "decode", "node": "node5", "event": "end", "timestamp_ns": 1769790862338381536}
{"type": "stage_event", "request_id": "req-000062", "experiment_mode": "pd_split", "stage": "decode", "node": "node5", "event": "end", "timestamp_ns": 1769790862340498938}
{"type": "stage_event", "request_id": "req-000063", "experiment_mode": "pd_split", "stage": "decode", "node": "node5", "event": "end", "timestamp_ns": 1769790862343060640}
{"type": "stage_event", "request_id": "req-000064", "experiment_mode": "pd_split", "stage": "prefill", "node": "node1", "event": "start", "timestamp_ns": 1769790875271818689}
{"type": "stage_event", "request_id": "req-000064", "experiment_mode": "pd_split", "stage": "prefill", "node": "node3", "event": "end", "timestamp_ns": 1769790877255094328}
{"type": "stage_event", "request_id": "req-000065", "experiment_mode": "pd_split", "stage": "prefill", "node": "node1", "event": "start", "timestamp_ns": 1769790877290407260}
{"type": "stage_event", "request_id": "req-000066", "experiment_mode": "pd_split", "stage": "prefill", "node": "node1", "event": "start", "timestamp_ns": 1769790877290611265}
{"type": "stage_event", "request_id": "req-000067", "experiment_mode": "pd_split", "stage": "prefill", "node": "node1", "event": "start", "timestamp_ns": 1769790877291107663}
{"type": "stage_event", "request_id": "req-000065", "experiment_mode": "pd_split", "stage": "prefill", "node": "node3", "event": "end", "timestamp_ns": 1769790877751046809}
{"type": "stage_event", "request_id": "req-000066", "experiment_mode": "pd_split", "stage": "prefill", "node": "node3", "event": "end", "timestamp_ns": 1769790877751942578}
{"type": "stage_event", "request_id": "req-000067", "experiment_mode": "pd_split", "stage": "prefill", "node": "node3", "event": "end", "timestamp_ns": 1769790877751997459}
{"type": "stage_event", "request_id": "req-000064", "experiment_mode": "pd_split", "stage": "decode", "node": "node5", "event": "start", "timestamp_ns": 1769790877755405712}
{"type": "stage_event", "request_id": "req-000065", "experiment_mode": "pd_split", "stage": "decode", "node": "node5", "event": "start", "timestamp_ns": 1769790877755999392}
{"type": "stage_event", "request_id": "req-000066", "experiment_mode": "pd_split", "stage": "decode", "node": "node5", "event": "start", "timestamp_ns": 1769790877756088451}
{"type": "stage_event", "request_id": "req-000067", "experiment_mode": "pd_split", "stage": "decode", "node": "node5", "event": "start", "timestamp_ns": 1769790877757414055}
{"type": "stage_event", "request_id": "req-000068", "experiment_mode": "pd_split", "stage": "prefill", "node": "node1", "event": "start", "timestamp_ns": 1769790881219699504}
{"type": "stage_event", "request_id": "req-000068", "experiment_mode": "pd_split", "stage": "prefill", "node": "node3", "event": "end", "timestamp_ns": 1769790885561040531}
{"type": "stage_event", "request_id": "req-000069", "experiment_mode": "pd_split", "stage": "prefill", "node": "node1", "event": "start", "timestamp_ns": 1769790885593325060}
{"type": "stage_event", "request_id": "req-000070", "experiment_mode": "pd_split", "stage": "prefill", "node": "node1", "event": "start", "timestamp_ns": 1769790885593588044}
{"type": "stage_event", "request_id": "req-000071", "experiment_mode": "pd_split", "stage": "prefill", "node": "node1", "event": "start", "timestamp_ns": 1769790885594224957}
{"type": "stage_event", "request_id": "req-000069", "experiment_mode": "pd_split", "stage": "prefill", "node": "node3", "event": "end", "timestamp_ns": 1769790898139805283}
{"type": "stage_event", "request_id": "req-000070", "experiment_mode": "pd_split", "stage": "prefill", "node": "node3", "event": "end", "timestamp_ns": 1769790898140152525}
{"type": "stage_event", "request_id": "req-000071", "experiment_mode": "pd_split", "stage": "prefill", "node": "node3", "event": "end", "timestamp_ns": 1769790898140702108}
{"type": "stage_event", "request_id": "req-000064", "experiment_mode": "pd_split", "stage": "decode", "node": "node5", "event": "end", "timestamp_ns": 1769790919603541162}
{"type": "stage_event", "request_id": "req-000065", "experiment_mode": "pd_split", "stage": "decode", "node": "node5", "event": "end", "timestamp_ns": 1769790919608010788}
{"type": "stage_event", "request_id": "req-000066", "experiment_mode": "pd_split", "stage": "decode", "node": "node5", "event": "end", "timestamp_ns": 1769790919614362354}
{"type": "stage_event", "request_id": "req-000067", "experiment_mode": "pd_split", "stage": "decode", "node": "node5", "event": "end", "timestamp_ns": 1769790919619624321}
{"type": "stage_event", "request_id": "req-000068", "experiment_mode": "pd_split", "stage": "decode", "node": "node5", "event": "start", "timestamp_ns": 1769790919635432305}
{"type": "stage_event", "request_id": "req-000069", "experiment_mode": "pd_split", "stage": "decode", "node": "node5", "event": "start", "timestamp_ns": 1769790919635569364}
{"type": "stage_event", "request_id": "req-000070", "experiment_mode": "pd_split", "stage": "decode", "node": "node5", "event": "start", "timestamp_ns": 1769790919636013953}
{"type": "stage_event", "request_id": "req-000071", "experiment_mode": "pd_split", "stage": "decode", "node": "node5", "event": "start", "timestamp_ns": 1769790919636111939}
{"type": "stage_event", "request_id": "req-000068", "experiment_mode": "pd_split", "stage": "decode", "node": "node5", "event": "end", "timestamp_ns": 1769790933112898738}
{"type": "stage_event", "request_id": "req-000069", "experiment_mode": "pd_split", "stage": "decode", "node": "node5", "event": "end", "timestamp_ns": 1769790933115109967}
{"type": "stage_event", "request_id": "req-000070", "experiment_mode": "pd_split", "stage": "decode", "node": "node5", "event": "end", "timestamp_ns": 1769790933118560685}
{"type": "stage_event", "request_id": "req-000071", "experiment_mode": "pd_split", "stage": "decode", "node": "node5", "event": "end", "timestamp_ns": 1769790933121163284}
{"type": "stage_event", "request_id": "req-000072", "experiment_mode": "pd_split", "stage": "prefill", "node": "node1", "event": "start", "timestamp_ns": 1769790942890411412}
{"type": "stage_event", "request_id": "req-000072", "experiment_mode": "pd_split", "stage": "prefill", "node": "node3", "event": "end", "timestamp_ns": 1769790943213688524}
{"type": "stage_event", "request_id": "req-000073", "experiment_mode": "pd_split", "stage": "prefill", "node": "node1", "event": "start", "timestamp_ns": 1769790943248688519}
{"type": "stage_event", "request_id": "req-000074", "experiment_mode": "pd_split", "stage": "prefill", "node": "node1", "event": "start", "timestamp_ns": 1769790943248918477}
{"type": "stage_event", "request_id": "req-000075", "experiment_mode": "pd_split", "stage": "prefill", "node": "node1", "event": "start", "timestamp_ns": 1769790943249423387}
{"type": "stage_event", "request_id": "req-000073", "experiment_mode": "pd_split", "stage": "prefill", "node": "node3", "event": "end", "timestamp_ns": 1769790943709573803}
{"type": "stage_event", "request_id": "req-000074", "experiment_mode": "pd_split", "stage": "prefill", "node": "node3", "event": "end", "timestamp_ns": 1769790943711018226}
{"type": "stage_event", "request_id": "req-000075", "experiment_mode": "pd_split", "stage": "prefill", "node": "node3", "event": "end", "timestamp_ns": 1769790943711890346}
{"type": "stage_event", "request_id": "req-000072", "experiment_mode": "pd_split", "stage": "decode", "node": "node5", "event": "start", "timestamp_ns": 1769790943714963422}
{"type": "stage_event", "request_id": "req-000073", "experiment_mode": "pd_split", "stage": "decode", "node": "node5", "event": "start", "timestamp_ns": 1769790943715409162}
{"type": "stage_event", "request_id": "req-000074", "experiment_mode": "pd_split", "stage": "decode", "node": "node5", "event": "start", "timestamp_ns": 1769790943716455303}
{"type": "stage_event", "request_id": "req-000075", "experiment_mode": "pd_split", "stage": "decode", "node": "node5", "event": "start", "timestamp_ns": 1769790943716832145}
{"type": "stage_event", "request_id": "req-000072", "experiment_mode": "pd_split", "stage": "decode", "node": "node5", "event": "end", "timestamp_ns": 1769790972194803191}
{"type": "stage_event", "request_id": "req-000073", "experiment_mode": "pd_split", "stage": "decode", "node": "node5", "event": "end", "timestamp_ns": 1769790972199037994}
{"type": "stage_event", "request_id": "req-000074", "experiment_mode": "pd_split", "stage": "decode", "node": "node5", "event": "end", "timestamp_ns": 1769790972203292862}
{"type": "stage_event", "request_id": "req-000075", "experiment_mode": "pd_split", "stage": "decode", "node": "node5", "event": "end", "timestamp_ns": 1769790972207590676}
