{"type": "stage_event", "request_id": "req-000001", "experiment_mode": "pd_split", "stage": "prefill", "node": "node1", "event": "start", "timestamp_ns": 1769783004532971589}
{"type": "stage_event", "request_id": "req-000001", "experiment_mode": "pd_split", "stage": "prefill", "node": "node3", "event": "end", "timestamp_ns": 1769783005982268787}
{"type": "stage_event", "request_id": "req-000001", "experiment_mode": "pd_split", "stage": "decode", "node": "node5", "event": "start", "timestamp_ns": 1769783005983596768}
{"type": "stage_event", "request_id": "req-000002", "experiment_mode": "pd_split", "stage": "prefill", "node": "node1", "event": "start", "timestamp_ns": 1769783006017719140}
{"type": "stage_event", "request_id": "req-000003", "experiment_mode": "pd_split", "stage": "prefill", "node": "node1", "event": "start", "timestamp_ns": 1769783006017896183}
{"type": "stage_event", "request_id": "req-000004", "experiment_mode": "pd_split", "stage": "prefill", "node": "node1", "event": "start", "timestamp_ns": 1769783006018022948}
{"type": "stage_event", "request_id": "req-000002", "experiment_mode": "pd_split", "stage": "prefill", "node": "node3", "event": "end", "timestamp_ns": 1769783006515585340}
{"type": "stage_event", "request_id": "req-000003", "experiment_mode": "pd_split", "stage": "prefill", "node": "node3", "event": "end", "timestamp_ns": 1769783006515860922}
{"type": "stage_event", "request_id": "req-000004", "experiment_mode": "pd_split", "stage": "prefill", "node": "node3", "event": "end", "timestamp_ns": 1769783006515961828}
{"type": "stage_event", "request_id": "req-000002", "experiment_mode": "pd_split", "stage": "decode", "node": "node5", "event": "start", "timestamp_ns": 1769783006522614277}
{"type": "stage_event", "request_id": "req-000003", "experiment_mode": "pd_split", "stage": "decode", "node": "node5", "event": "start", "timestamp_ns": 1769783006522737554}
{"type": "stage_event", "request_id": "req-000004", "experiment_mode": "pd_split", "stage": "decode", "node": "node5", "event": "start", "timestamp_ns": 1769783006522951849}
{"type": "stage_event", "request_id": "req-000001", "experiment_mode": "pd_split", "stage": "decode", "node": "node5", "event": "end", "timestamp_ns": 1769783083165033585}
{"type": "stage_event", "request_id": "req-000002", "experiment_mode": "pd_split", "stage": "decode", "node": "node5", "event": "end", "timestamp_ns": 1769783084552873702}
{"type": "stage_event", "request_id": "req-000003", "experiment_mode": "pd_split", "stage": "decode", "node": "node5", "event": "end", "timestamp_ns": 1769783084558747186}
{"type": "stage_event", "request_id": "req-000004", "experiment_mode": "pd_split", "stage": "decode", "node": "node5", "event": "end", "timestamp_ns": 1769783084563729844}
{"type": "stage_event", "request_id": "req-000005", "experiment_mode": "pd_split", "stage": "prefill", "node": "node1", "event": "start", "timestamp_ns": 1769783089666575207}
{"type": "stage_event", "request_id": "req-000005", "experiment_mode": "pd_split", "stage": "prefill", "node": "node3", "event": "end", "timestamp_ns": 1769783090003876243}
{"type": "stage_event", "request_id": "req-000005", "experiment_mode": "pd_split", "stage": "decode", "node": "node5", "event": "start", "timestamp_ns": 1769783090005751341}
{"type": "stage_event", "request_id": "req-000006", "experiment_mode": "pd_split", "stage": "prefill", "node": "node1", "event": "start", "timestamp_ns": 1769783090036169878}
{"type": "stage_event", "request_id": "req-000007", "experiment_mode": "pd_split", "stage": "prefill", "node": "node1", "event": "start", "timestamp_ns": 1769783090036353765}
{"type": "stage_event", "request_id": "req-000008", "experiment_mode": "pd_split", "stage": "prefill", "node": "node1", "event": "start", "timestamp_ns": 1769783090036527923}
{"type": "stage_event", "request_id": "req-000006", "experiment_mode": "pd_split", "stage": "prefill", "node": "node3", "event": "end", "timestamp_ns": 1769783090493403556}
{"type": "stage_event", "request_id": "req-000007", "experiment_mode": "pd_split", "stage": "prefill", "node": "node3", "event": "end", "timestamp_ns": 1769783090493904877}
{"type": "stage_event", "request_id": "req-000008", "experiment_mode": "pd_split", "stage": "prefill", "node": "node3", "event": "end", "timestamp_ns": 1769783090494204806}
{"type": "stage_event", "request_id": "req-000006", "experiment_mode": "pd_split", "stage": "decode", "node": "node5", "event": "start", "timestamp_ns": 1769783090498344443}
{"type": "stage_event", "request_id": "req-000007", "experiment_mode": "pd_split", "stage": "decode", "node": "node5", "event": "start", "timestamp_ns": 1769783090504337832}
{"type": "stage_event", "request_id": "req-000008", "experiment_mode": "pd_split", "stage": "decode", "node": "node5", "event": "start", "timestamp_ns": 1769783090505379358}
{"type": "stage_event", "request_id": "req-000009", "experiment_mode": "pd_split", "stage": "prefill", "node": "node1", "event": "start", "timestamp_ns": 1769783093960610779}
{"type": "stage_event", "request_id": "req-000009", "experiment_mode": "pd_split", "stage": "prefill", "node": "node3", "event": "end", "timestamp_ns": 1769783099016777148}
{"type": "stage_event", "request_id": "req-000010", "experiment_mode": "pd_split", "stage": "prefill", "node": "node1", "event": "start", "timestamp_ns": 1769783099048929264}
{"type": "stage_event", "request_id": "req-000011", "experiment_mode": "pd_split", "stage": "prefill", "node": "node1", "event": "start", "timestamp_ns": 1769783099049067963}
{"type": "stage_event", "request_id": "req-000010", "experiment_mode": "pd_split", "stage": "prefill", "node": "node3", "event": "end", "timestamp_ns": 1769783108152304579}
{"type": "stage_event", "request_id": "req-000011", "experiment_mode": "pd_split", "stage": "prefill", "node": "node3", "event": "end", "timestamp_ns": 1769783108152413292}
{"type": "stage_event", "request_id": "req-000012", "experiment_mode": "pd_split", "stage": "prefill", "node": "node1", "event": "start", "timestamp_ns": 1769783108190752226}
{"type": "stage_event", "request_id": "req-000013", "experiment_mode": "pd_split", "stage": "prefill", "node": "node1", "event": "start", "timestamp_ns": 1769783108190962867}
{"type": "stage_event", "request_id": "req-000014", "experiment_mode": "pd_split", "stage": "prefill", "node": "node1", "event": "start", "timestamp_ns": 1769783108191119775}
{"type": "stage_event", "request_id": "req-000015", "experiment_mode": "pd_split", "stage": "prefill", "node": "node1", "event": "start", "timestamp_ns": 1769783108191506845}
{"type": "stage_event", "request_id": "req-000012", "experiment_mode": "pd_split", "stage": "prefill", "node": "node3", "event": "end", "timestamp_ns": 1769783124972938499}
{"type": "stage_event", "request_id": "req-000013", "experiment_mode": "pd_split", "stage": "prefill", "node": "node3", "event": "end", "timestamp_ns": 1769783124973154387}
{"type": "stage_event", "request_id": "req-000014", "experiment_mode": "pd_split", "stage": "prefill", "node": "node3", "event": "end", "timestamp_ns": 1769783124973312159}
{"type": "stage_event", "request_id": "req-000015", "experiment_mode": "pd_split", "stage": "prefill", "node": "node3", "event": "end", "timestamp_ns": 1769783124973517390}
{"type": "stage_event", "request_id": "req-000016", "experiment_mode": "pd_split", "stage": "prefill", "node": "node1", "event": "start", "timestamp_ns": 1769783125072934379}
{"type": "stage_event", "request_id": "req-000016", "experiment_mode": "pd_split", "stage": "prefill", "node": "node3", "event": "end", "timestamp_ns": 1769783128691539763}
{"type": "stage_event", "request_id": "req-000005", "experiment_mode": "pd_split", "stage": "decode", "node": "node5", "event": "end", "timestamp_ns": 1769783185662031485}
{"type": "stage_event", "request_id": "req-000009", "experiment_mode": "pd_split", "stage": "decode", "node": "node5", "event": "start", "timestamp_ns": 1769783185666801452}
{"type": "stage_event", "request_id": "req-000006", "experiment_mode": "pd_split", "stage": "decode", "node": "node5", "event": "end", "timestamp_ns": 1769783188733999463}
{"type": "stage_event", "request_id": "req-000007", "experiment_mode": "pd_split", "stage": "decode", "node": "node5", "event": "end", "timestamp_ns": 1769783188739357337}
{"type": "stage_event", "request_id": "req-000010", "experiment_mode": "pd_split", "stage": "decode", "node": "node5", "event": "start", "timestamp_ns": 1769783188744451066}
{"type": "stage_event", "request_id": "req-000011", "experiment_mode": "pd_split", "stage": "decode", "node": "node5", "event": "start", "timestamp_ns": 1769783188745051552}
{"type": "stage_event", "request_id": "req-000008", "experiment_mode": "pd_split", "stage": "decode", "node": "node5", "event": "end", "timestamp_ns": 1769783188782227143}
{"type": "stage_event", "request_id": "req-000012", "experiment_mode": "pd_split", "stage": "decode", "node": "node5", "event": "start", "timestamp_ns": 1769783188787477938}
{"type": "stage_event", "request_id": "req-000009", "experiment_mode": "pd_split", "stage": "decode", "node": "node5", "event": "end", "timestamp_ns": 1769783195641218861}
{"type": "stage_event", "request_id": "req-000013", "experiment_mode": "pd_split", "stage": "decode", "node": "node5", "event": "start", "timestamp_ns": 1769783195644740679}
{"type": "stage_event", "request_id": "req-000010", "experiment_mode": "pd_split", "stage": "decode", "node": "node5", "event": "end", "timestamp_ns": 1769783201616212230}
{"type": "stage_event", "request_id": "req-000011", "experiment_mode": "pd_split", "stage": "decode", "node": "node5", "event": "end", "timestamp_ns": 1769783201620147478}
{"type": "stage_event", "request_id": "req-000014", "experiment_mode": "pd_split", "stage": "decode", "node": "node5", "event": "start", "timestamp_ns": 1769783201623005348}
{"type": "stage_event", "request_id": "req-000015", "experiment_mode": "pd_split", "stage": "decode", "node": "node5", "event": "start", "timestamp_ns": 1769783201623579751}
{"type": "stage_event", "request_id": "req-000012", "experiment_mode": "pd_split", "stage": "decode", "node": "node5", "event": "end", "timestamp_ns": 1769783201662363717}
{"type": "stage_event", "request_id": "req-000016", "experiment_mode": "pd_split", "stage": "decode", "node": "node5", "event": "start", "timestamp_ns": 1769783201665408318}
{"type": "stage_event", "request_id": "req-000013", "experiment_mode": "pd_split", "stage": "decode", "node": "node5", "event": "end", "timestamp_ns": 1769783207315940925}
{"type": "stage_event", "request_id": "req-000014", "experiment_mode": "pd_split", "stage": "decode", "node": "node5", "event": "end", "timestamp_ns": 1769783208599583178}
{"type": "stage_event", "request_id": "req-000015", "experiment_mode": "pd_split", "stage": "decode", "node": "node5", "event": "end", "timestamp_ns": 1769783208602803115}
{"type": "stage_event", "request_id": "req-000016", "experiment_mode": "pd_split", "stage": "decode", "node": "node5", "event": "end", "timestamp_ns": 1769783208605895780}
{"type": "stage_event", "request_id": "req-000017", "experiment_mode": "pd_split", "stage": "prefill", "node": "node1", "event": "start", "timestamp_ns": 1769783216340545501}
{"type": "stage_event", "request_id": "req-000017", "experiment_mode": "pd_split", "stage": "prefill", "node": "node3", "event": "end", "timestamp_ns": 1769783216694154022}
{"type": "stage_event", "request_id": "req-000017", "experiment_mode": "pd_split", "stage": "decode", "node": "node5", "event": "start", "timestamp_ns": 1769783216696040693}
{"type": "stage_event", "request_id": "req-000018", "experiment_mode": "pd_split", "stage": "prefill", "node": "node1", "event": "start", "timestamp_ns": 1769783216726194177}
{"type": "stage_event", "request_id": "req-000019", "experiment_mode": "pd_split", "stage": "prefill", "node": "node1", "event": "start", "timestamp_ns": 1769783216726393484}
{"type": "stage_event", "request_id": "req-000020", "experiment_mode": "pd_split", "stage": "prefill", "node": "node1", "event": "start", "timestamp_ns": 1769783216726501299}
{"type": "stage_event", "request_id": "req-000018", "experiment_mode": "pd_split", "stage": "prefill", "node": "node3", "event": "end", "timestamp_ns": 1769783217186296065}
{"type": "stage_event", "request_id": "req-000019", "experiment_mode": "pd_split", "stage": "prefill", "node": "node3", "event": "end", "timestamp_ns": 1769783217186701561}
{"type": "stage_event", "request_id": "req-000020", "experiment_mode": "pd_split", "stage": "prefill", "node": "node3", "event": "end", "timestamp_ns": 1769783217186813472}
{"type": "stage_event", "request_id": "req-000018", "experiment_mode": "pd_split", "stage": "decode", "node": "node5", "event": "start", "timestamp_ns": 1769783217190636064}
{"type": "stage_event", "request_id": "req-000019", "experiment_mode": "pd_split", "stage": "decode", "node": "node5", "event": "start", "timestamp_ns": 1769783217196377840}
{"type": "stage_event", "request_id": "req-000020", "experiment_mode": "pd_split", "stage": "decode", "node": "node5", "event": "start", "timestamp_ns": 1769783217197175135}
{"type": "stage_event", "request_id": "req-000017", "experiment_mode": "pd_split", "stage": "decode", "node": "node5", "event": "end", "timestamp_ns": 1769783293753310008}
{"type": "stage_event", "request_id": "req-000018", "experiment_mode": "pd_split", "stage": "decode", "node": "node5", "event": "end", "timestamp_ns": 1769783295151894524}
{"type": "stage_event", "request_id": "req-000019", "experiment_mode": "pd_split", "stage": "decode", "node": "node5", "event": "end", "timestamp_ns": 1769783295157331942}
{"type": "stage_event", "request_id": "req-000020", "experiment_mode": "pd_split", "stage": "decode", "node": "node5", "event": "end", "timestamp_ns": 1769783295162005003}
{"type": "stage_event", "request_id": "req-000021", "experiment_mode": "pd_split", "stage": "prefill", "node": "node1", "event": "start", "timestamp_ns": 1769784045367337181}
{"type": "stage_event", "request_id": "req-000021", "experiment_mode": "pd_split", "stage": "prefill", "node": "node3", "event": "end", "timestamp_ns": 1769784047124905868}
{"type": "stage_event", "request_id": "req-000021", "experiment_mode": "pd_split", "stage": "decode", "node": "node5", "event": "start", "timestamp_ns": 1769784047126751975}
{"type": "stage_event", "request_id": "req-000022", "experiment_mode": "pd_split", "stage": "prefill", "node": "node1", "event": "start", "timestamp_ns": 1769784047156257821}
{"type": "stage_event", "request_id": "req-000023", "experiment_mode": "pd_split", "stage": "prefill", "node": "node1", "event": "start", "timestamp_ns": 1769784047156442307}
{"type": "stage_event", "request_id": "req-000024", "experiment_mode": "pd_split", "stage": "prefill", "node": "node1", "event": "start", "timestamp_ns": 1769784047157021750}
{"type": "stage_event", "request_id": "req-000022", "experiment_mode": "pd_split", "stage": "prefill", "node": "node3", "event": "end", "timestamp_ns": 1769784047628917774}
{"type": "stage_event", "request_id": "req-000023", "experiment_mode": "pd_split", "stage": "prefill", "node": "node3", "event": "end", "timestamp_ns": 1769784047629208696}
{"type": "stage_event", "request_id": "req-000024", "experiment_mode": "pd_split", "stage": "prefill", "node": "node3", "event": "end", "timestamp_ns": 1769784047629610277}
{"type": "stage_event", "request_id": "req-000022", "experiment_mode": "pd_split", "stage": "decode", "node": "node5", "event": "start", "timestamp_ns": 1769784047637282204}
{"type": "stage_event", "request_id": "req-000023", "experiment_mode": "pd_split", "stage": "decode", "node": "node5", "event": "start", "timestamp_ns": 1769784047637379039}
{"type": "stage_event", "request_id": "req-000024", "experiment_mode": "pd_split", "stage": "decode", "node": "node5", "event": "start", "timestamp_ns": 1769784047637611206}
{"type": "stage_event", "request_id": "req-000021", "experiment_mode": "pd_split", "stage": "decode", "node": "node5", "event": "end", "timestamp_ns": 1769784091246532190}
{"type": "stage_event", "request_id": "req-000022", "experiment_mode": "pd_split", "stage": "decode", "node": "node5", "event": "end", "timestamp_ns": 1769784091969584107}
{"type": "stage_event", "request_id": "req-000023", "experiment_mode": "pd_split", "stage": "decode", "node": "node5", "event": "end", "timestamp_ns": 1769784091973490118}
{"type": "stage_event", "request_id": "req-000024", "experiment_mode": "pd_split", "stage": "decode", "node": "node5", "event": "end", "timestamp_ns": 1769784091977249212}
{"type": "stage_event", "request_id": "req-000025", "experiment_mode": "pd_split", "stage": "prefill", "node": "node1", "event": "start", "timestamp_ns": 1769784111144170141}
{"type": "stage_event", "request_id": "req-000025", "experiment_mode": "pd_split", "stage": "prefill", "node": "node3", "event": "end", "timestamp_ns": 1769784111470371672}
{"type": "stage_event", "request_id": "req-000025", "experiment_mode": "pd_split", "stage": "decode", "node": "node5", "event": "start", "timestamp_ns": 1769784111472372982}
{"type": "stage_event", "request_id": "req-000026", "experiment_mode": "pd_split", "stage": "prefill", "node": "node1", "event": "start", "timestamp_ns": 1769784111502814923}
{"type": "stage_event", "request_id": "req-000027", "experiment_mode": "pd_split", "stage": "prefill", "node": "node1", "event": "start", "timestamp_ns": 1769784111502969328}
{"type": "stage_event", "request_id": "req-000028", "experiment_mode": "pd_split", "stage": "prefill", "node": "node1", "event": "start", "timestamp_ns": 1769784111503084532}
{"type": "stage_event", "request_id": "req-000026", "experiment_mode": "pd_split", "stage": "prefill", "node": "node3", "event": "end", "timestamp_ns": 1769784111938876296}
{"type": "stage_event", "request_id": "req-000027", "experiment_mode": "pd_split", "stage": "prefill", "node": "node3", "event": "end", "timestamp_ns": 1769784111939178194}
{"type": "stage_event", "request_id": "req-000028", "experiment_mode": "pd_split", "stage": "prefill", "node": "node3", "event": "end", "timestamp_ns": 1769784111939439866}
{"type": "stage_event", "request_id": "req-000026", "experiment_mode": "pd_split", "stage": "decode", "node": "node5", "event": "start", "timestamp_ns": 1769784111944930725}
{"type": "stage_event", "request_id": "req-000027", "experiment_mode": "pd_split", "stage": "decode", "node": "node5", "event": "start", "timestamp_ns": 1769784111945068265}
{"type": "stage_event", "request_id": "req-000028", "experiment_mode": "pd_split", "stage": "decode", "node": "node5", "event": "start", "timestamp_ns": 1769784111945181325}
{"type": "stage_event", "request_id": "req-000029", "experiment_mode": "pd_split", "stage": "prefill", "node": "node1", "event": "start", "timestamp_ns": 1769784115713753933}
{"type": "stage_event", "request_id": "req-000029", "experiment_mode": "pd_split", "stage": "prefill", "node": "node3", "event": "end", "timestamp_ns": 1769784120122887093}
{"type": "stage_event", "request_id": "req-000030", "experiment_mode": "pd_split", "stage": "prefill", "node": "node1", "event": "start", "timestamp_ns": 1769784120154186625}
{"type": "stage_event", "request_id": "req-000031", "experiment_mode": "pd_split", "stage": "prefill", "node": "node1", "event": "start", "timestamp_ns": 1769784120154428904}
{"type": "stage_event", "request_id": "req-000030", "experiment_mode": "pd_split", "stage": "prefill", "node": "node3", "event": "end", "timestamp_ns": 1769784127791497348}
{"type": "stage_event", "request_id": "req-000031", "experiment_mode": "pd_split", "stage": "prefill", "node": "node3", "event": "end", "timestamp_ns": 1769784127791958354}
{"type": "stage_event", "request_id": "req-000032", "experiment_mode": "pd_split", "stage": "prefill", "node": "node1", "event": "start", "timestamp_ns": 1769784127837134313}
{"type": "stage_event", "request_id": "req-000033", "experiment_mode": "pd_split", "stage": "prefill", "node": "node1", "event": "start", "timestamp_ns": 1769784127837357743}
{"type": "stage_event", "request_id": "req-000034", "experiment_mode": "pd_split", "stage": "prefill", "node": "node1", "event": "start", "timestamp_ns": 1769784127837486899}
{"type": "stage_event", "request_id": "req-000032", "experiment_mode": "pd_split", "stage": "prefill", "node": "node3", "event": "end", "timestamp_ns": 1769784139701576573}
{"type": "stage_event", "request_id": "req-000033", "experiment_mode": "pd_split", "stage": "prefill", "node": "node3", "event": "end", "timestamp_ns": 1769784139701663264}
{"type": "stage_event", "request_id": "req-000034", "experiment_mode": "pd_split", "stage": "prefill", "node": "node3", "event": "end", "timestamp_ns": 1769784139701787108}
{"type": "stage_event", "request_id": "req-000035", "experiment_mode": "pd_split", "stage": "prefill", "node": "node1", "event": "start", "timestamp_ns": 1769784139771548743}
{"type": "stage_event", "request_id": "req-000036", "experiment_mode": "pd_split", "stage": "prefill", "node": "node1", "event": "start", "timestamp_ns": 1769784139771803727}
{"type": "stage_event", "request_id": "req-000035", "experiment_mode": "pd_split", "stage": "prefill", "node": "node3", "event": "end", "timestamp_ns": 1769784146630186826}
{"type": "stage_event", "request_id": "req-000036", "experiment_mode": "pd_split", "stage": "prefill", "node": "node3", "event": "end", "timestamp_ns": 1769784146630400944}
{"type": "stage_event", "request_id": "req-000025", "experiment_mode": "pd_split", "stage": "decode", "node": "node5", "event": "end", "timestamp_ns": 1769784172951128942}
{"type": "stage_event", "request_id": "req-000029", "experiment_mode": "pd_split", "stage": "decode", "node": "node5", "event": "start", "timestamp_ns": 1769784172965201593}
{"type": "stage_event", "request_id": "req-000026", "experiment_mode": "pd_split", "stage": "decode", "node": "node5", "event": "end", "timestamp_ns": 1769784175320366786}
{"type": "stage_event", "request_id": "req-000027", "experiment_mode": "pd_split", "stage": "decode", "node": "node5", "event": "end", "timestamp_ns": 1769784175324297529}
{"type": "stage_event", "request_id": "req-000028", "experiment_mode": "pd_split", "stage": "decode", "node": "node5", "event": "end", "timestamp_ns": 1769784175328014858}
{"type": "stage_event", "request_id": "req-000030", "experiment_mode": "pd_split", "stage": "decode", "node": "node5", "event": "start", "timestamp_ns": 1769784175343291737}
{"type": "stage_event", "request_id": "req-000029", "experiment_mode": "pd_split", "stage": "decode", "node": "node5", "event": "end", "timestamp_ns": 1769784178901184825}
{"type": "stage_event", "request_id": "req-000031", "experiment_mode": "pd_split", "stage": "decode", "node": "node5", "event": "start", "timestamp_ns": 1769784178913471916}
{"type": "stage_event", "request_id": "req-000030", "experiment_mode": "pd_split", "stage": "decode", "node": "node5", "event": "end", "timestamp_ns": 1769784180830190400}
{"type": "stage_event", "request_id": "req-000032", "experiment_mode": "pd_split", "stage": "decode", "node": "node5", "event": "start", "timestamp_ns": 1769784180842554934}
{"type": "stage_event", "request_id": "req-000031", "experiment_mode": "pd_split", "stage": "decode", "node": "node5", "event": "end", "timestamp_ns": 1769784183217730314}
{"type": "stage_event", "request_id": "req-000033", "experiment_mode": "pd_split", "stage": "decode", "node": "node5", "event": "start", "timestamp_ns": 1769784183229545071}
{"type": "stage_event", "request_id": "req-000032", "experiment_mode": "pd_split", "stage": "decode", "node": "node5", "event": "end", "timestamp_ns": 1769784187533088327}
{"type": "stage_event", "request_id": "req-000034", "experiment_mode": "pd_split", "stage": "decode", "node": "node5", "event": "start", "timestamp_ns": 1769784187545395226}
{"type": "stage_event", "request_id": "req-000033", "experiment_mode": "pd_split", "stage": "decode", "node": "node5", "event": "end", "timestamp_ns": 1769784189894539219}
{"type": "stage_event", "request_id": "req-000035", "experiment_mode": "pd_split", "stage": "decode", "node": "node5", "event": "start", "timestamp_ns": 1769784189906727202}
{"type": "stage_event", "request_id": "req-000034", "experiment_mode": "pd_split", "stage": "decode", "node": "node5", "event": "end", "timestamp_ns": 1769784191748798177}
{"type": "stage_event", "request_id": "req-000036", "experiment_mode": "pd_split", "stage": "decode", "node": "node5", "event": "start", "timestamp_ns": 1769784191761143541}
{"type": "stage_event", "request_id": "req-000035", "experiment_mode": "pd_split", "stage": "decode", "node": "node5", "event": "end", "timestamp_ns": 1769784195124232202}
{"type": "stage_event", "request_id": "req-000036", "experiment_mode": "pd_split", "stage": "decode", "node": "node5", "event": "end", "timestamp_ns": 1769784195715939922}
{"type": "stage_event", "request_id": "req-000037", "experiment_mode": "pd_split", "stage": "prefill", "node": "node1", "event": "start", "timestamp_ns": 1769784835431796378}
{"type": "stage_event", "request_id": "req-000037", "experiment_mode": "pd_split", "stage": "prefill", "node": "node3", "event": "end", "timestamp_ns": 1769784835777706163}
{"type": "stage_event", "request_id": "req-000037", "experiment_mode": "pd_split", "stage": "decode", "node": "node5", "event": "start", "timestamp_ns": 1769784835786269580}
{"type": "stage_event", "request_id": "req-000038", "experiment_mode": "pd_split", "stage": "prefill", "node": "node1", "event": "start", "timestamp_ns": 1769784835809349143}
{"type": "stage_event", "request_id": "req-000039", "experiment_mode": "pd_split", "stage": "prefill", "node": "node1", "event": "start", "timestamp_ns": 1769784835809522043}
{"type": "stage_event", "request_id": "req-000040", "experiment_mode": "pd_split", "stage": "prefill", "node": "node1", "event": "start", "timestamp_ns": 1769784835809651135}
{"type": "stage_event", "request_id": "req-000038", "experiment_mode": "pd_split", "stage": "prefill", "node": "node3", "event": "end", "timestamp_ns": 1769784836272158699}
{"type": "stage_event", "request_id": "req-000039", "experiment_mode": "pd_split", "stage": "prefill", "node": "node3", "event": "end", "timestamp_ns": 1769784836272511988}
{"type": "stage_event", "request_id": "req-000040", "experiment_mode": "pd_split", "stage": "prefill", "node": "node3", "event": "end", "timestamp_ns": 1769784836272565109}
{"type": "stage_event", "request_id": "req-000038", "experiment_mode": "pd_split", "stage": "decode", "node": "node5", "event": "start", "timestamp_ns": 1769784836276394422}
{"type": "stage_event", "request_id": "req-000039", "experiment_mode": "pd_split", "stage": "decode", "node": "node5", "event": "start", "timestamp_ns": 1769784836276473144}
{"type": "stage_event", "request_id": "req-000040", "experiment_mode": "pd_split", "stage": "decode", "node": "node5", "event": "start", "timestamp_ns": 1769784836276720767}
{"type": "stage_event", "request_id": "req-000037", "experiment_mode": "pd_split", "stage": "decode", "node": "node5", "event": "end", "timestamp_ns": 1769784880332718003}
{"type": "stage_event", "request_id": "req-000038", "experiment_mode": "pd_split", "stage": "decode", "node": "node5", "event": "end", "timestamp_ns": 1769784881050585131}
{"type": "stage_event", "request_id": "req-000039", "experiment_mode": "pd_split", "stage": "decode", "node": "node5", "event": "end", "timestamp_ns": 1769784881054441741}
{"type": "stage_event", "request_id": "req-000040", "experiment_mode": "pd_split", "stage": "decode", "node": "node5", "event": "end", "timestamp_ns": 1769784881058185067}
{"type": "stage_event", "request_id": "req-000041", "experiment_mode": "pd_split", "stage": "prefill", "node": "node1", "event": "start", "timestamp_ns": 1769785012624347540}
{"type": "stage_event", "request_id": "req-000041", "experiment_mode": "pd_split", "stage": "prefill", "node": "node3", "event": "end", "timestamp_ns": 1769785013100485274}
{"type": "stage_event", "request_id": "req-000042", "experiment_mode": "pd_split", "stage": "prefill", "node": "node1", "event": "start", "timestamp_ns": 1769785013112490052}
{"type": "stage_event", "request_id": "req-000041", "experiment_mode": "pd_split", "stage": "decode", "node": "node5", "event": "start", "timestamp_ns": 1769785013113571935}
{"type": "stage_event", "request_id": "req-000042", "experiment_mode": "pd_split", "stage": "prefill", "node": "node3", "event": "end", "timestamp_ns": 1769785013421624463}
{"type": "stage_event", "request_id": "req-000043", "experiment_mode": "pd_split", "stage": "prefill", "node": "node1", "event": "start", "timestamp_ns": 1769785013433357170}
{"type": "stage_event", "request_id": "req-000043", "experiment_mode": "pd_split", "stage": "prefill", "node": "node3", "event": "end", "timestamp_ns": 1769785013740611342}
{"type": "stage_event", "request_id": "req-000044", "experiment_mode": "pd_split", "stage": "prefill", "node": "node1", "event": "start", "timestamp_ns": 1769785013752152845}
{"type": "stage_event", "request_id": "req-000044", "experiment_mode": "pd_split", "stage": "prefill", "node": "node3", "event": "end", "timestamp_ns": 1769785014071164365}
{"type": "stage_event", "request_id": "req-000045", "experiment_mode": "pd_split", "stage": "prefill", "node": "node1", "event": "start", "timestamp_ns": 1769785017982789457}
{"type": "stage_event", "request_id": "req-000045", "experiment_mode": "pd_split", "stage": "prefill", "node": "node3", "event": "end", "timestamp_ns": 1769785022235499628}
{"type": "stage_event", "request_id": "req-000046", "experiment_mode": "pd_split", "stage": "prefill", "node": "node1", "event": "start", "timestamp_ns": 1769785022246891943}
{"type": "stage_event", "request_id": "req-000046", "experiment_mode": "pd_split", "stage": "prefill", "node": "node3", "event": "end", "timestamp_ns": 1769785026363360507}
{"type": "stage_event", "request_id": "req-000047", "experiment_mode": "pd_split", "stage": "prefill", "node": "node1", "event": "start", "timestamp_ns": 1769785026374485360}
{"type": "stage_event", "request_id": "req-000047", "experiment_mode": "pd_split", "stage": "prefill", "node": "node3", "event": "end", "timestamp_ns": 1769785029394962599}
{"type": "stage_event", "request_id": "req-000048", "experiment_mode": "pd_split", "stage": "prefill", "node": "node1", "event": "start", "timestamp_ns": 1769785029406485989}
{"type": "stage_event", "request_id": "req-000048", "experiment_mode": "pd_split", "stage": "prefill", "node": "node3", "event": "end", "timestamp_ns": 1769785032595891015}
{"type": "stage_event", "request_id": "req-000049", "experiment_mode": "pd_split", "stage": "prefill", "node": "node1", "event": "start", "timestamp_ns": 1769785032607721229}
{"type": "stage_event", "request_id": "req-000049", "experiment_mode": "pd_split", "stage": "prefill", "node": "node3", "event": "end", "timestamp_ns": 1769785036437296520}
{"type": "stage_event", "request_id": "req-000050", "experiment_mode": "pd_split", "stage": "prefill", "node": "node1", "event": "start", "timestamp_ns": 1769785036448241911}
{"type": "stage_event", "request_id": "req-000050", "experiment_mode": "pd_split", "stage": "prefill", "node": "node3", "event": "end", "timestamp_ns": 1769785039578285570}
{"type": "stage_event", "request_id": "req-000051", "experiment_mode": "pd_split", "stage": "prefill", "node": "node1", "event": "start", "timestamp_ns": 1769785039590425071}
{"type": "stage_event", "request_id": "req-000051", "experiment_mode": "pd_split", "stage": "prefill", "node": "node3", "event": "end", "timestamp_ns": 1769785042441050351}
{"type": "stage_event", "request_id": "req-000052", "experiment_mode": "pd_split", "stage": "prefill", "node": "node1", "event": "start", "timestamp_ns": 1769785042452321447}
{"type": "stage_event", "request_id": "req-000052", "experiment_mode": "pd_split", "stage": "prefill", "node": "node3", "event": "end", "timestamp_ns": 1769785045836590116}
{"type": "stage_event", "request_id": "req-000041", "experiment_mode": "pd_split", "stage": "decode", "node": "node5", "event": "end", "timestamp_ns": 1769785047637523474}
{"type": "stage_event", "request_id": "req-000042", "experiment_mode": "pd_split", "stage": "decode", "node": "node5", "event": "start", "timestamp_ns": 1769785047642031938}
{"type": "stage_event", "request_id": "req-000042", "experiment_mode": "pd_split", "stage": "decode", "node": "node5", "event": "end", "timestamp_ns": 1769785070039928795}
{"type": "stage_event", "request_id": "req-000043", "experiment_mode": "pd_split", "stage": "decode", "node": "node5", "event": "start", "timestamp_ns": 1769785070044471500}
{"type": "stage_event", "request_id": "req-000043", "experiment_mode": "pd_split", "stage": "decode", "node": "node5", "event": "end", "timestamp_ns": 1769785091911876961}
{"type": "stage_event", "request_id": "req-000044", "experiment_mode": "pd_split", "stage": "decode", "node": "node5", "event": "start", "timestamp_ns": 1769785091916281453}
{"type": "stage_event", "request_id": "req-000044", "experiment_mode": "pd_split", "stage": "decode", "node": "node5", "event": "end", "timestamp_ns": 1769785113903020457}
{"type": "stage_event", "request_id": "req-000045", "experiment_mode": "pd_split", "stage": "decode", "node": "node5", "event": "start", "timestamp_ns": 1769785113907746653}
{"type": "stage_event", "request_id": "req-000045", "experiment_mode": "pd_split", "stage": "decode", "node": "node5", "event": "end", "timestamp_ns": 1769785116479074847}
{"type": "stage_event", "request_id": "req-000046", "experiment_mode": "pd_split", "stage": "decode", "node": "node5", "event": "start", "timestamp_ns": 1769785116482432497}
{"type": "stage_event", "request_id": "req-000046", "experiment_mode": "pd_split", "stage": "decode", "node": "node5", "event": "end", "timestamp_ns": 1769785118888969066}
{"type": "stage_event", "request_id": "req-000047", "experiment_mode": "pd_split", "stage": "decode", "node": "node5", "event": "start", "timestamp_ns": 1769785118891894066}
{"type": "stage_event", "request_id": "req-000047", "experiment_mode": "pd_split", "stage": "decode", "node": "node5", "event": "end", "timestamp_ns": 1769785121096137256}
{"type": "stage_event", "request_id": "req-000048", "experiment_mode": "pd_split", "stage": "decode", "node": "node5", "event": "start", "timestamp_ns": 1769785121098914317}
{"type": "stage_event", "request_id": "req-000048", "experiment_mode": "pd_split", "stage": "decode", "node": "node5", "event": "end", "timestamp_ns": 1769785123352867521}
{"type": "stage_event", "request_id": "req-000049", "experiment_mode": "pd_split", "stage": "decode", "node": "node5", "event": "start", "timestamp_ns": 1769785123355687846}
{"type": "stage_event", "request_id": "req-000049", "experiment_mode": "pd_split", "stage": "decode", "node": "node5", "event": "end", "timestamp_ns": 1769785125799988191}
{"type": "stage_event", "request_id": "req-000050", "experiment_mode": "pd_split", "stage": "decode", "node": "node5", "event": "start", "timestamp_ns": 1769785125803006825}
{"type": "stage_event", "request_id": "req-000050", "experiment_mode": "pd_split", "stage": "decode", "node": "node5", "event": "end", "timestamp_ns": 1769785128016005079}
{"type": "stage_event", "request_id": "req-000051", "experiment_mode": "pd_split", "stage": "decode", "node": "node5", "event": "start", "timestamp_ns": 1769785128018761755}
{"type": "stage_event", "request_id": "req-000051", "experiment_mode": "pd_split", "stage": "decode", "node": "node5", "event": "end", "timestamp_ns": 1769785130147409476}
{"type": "stage_event", "request_id": "req-000052", "experiment_mode": "pd_split", "stage": "decode", "node": "node5", "event": "start", "timestamp_ns": 1769785130150145959}
{"type": "stage_event", "request_id": "req-000052", "experiment_mode": "pd_split", "stage": "decode", "node": "node5", "event": "end", "timestamp_ns": 1769785132460630977}
{"type": "stage_event", "request_id": "req-000053", "experiment_mode": "pd_split", "stage": "prefill", "node": "node1", "event": "start", "timestamp_ns": 1769785174222567423}
{"type": "stage_event", "request_id": "req-000053", "experiment_mode": "pd_split", "stage": "prefill", "node": "node3", "event": "end", "timestamp_ns": 1769785175652664830}
{"type": "stage_event", "request_id": "req-000054", "experiment_mode": "pd_split", "stage": "prefill", "node": "node1", "event": "start", "timestamp_ns": 1769785175664354909}
{"type": "stage_event", "request_id": "req-000053", "experiment_mode": "pd_split", "stage": "decode", "node": "node5", "event": "start", "timestamp_ns": 1769785175672212381}
{"type": "stage_event", "request_id": "req-000054", "experiment_mode": "pd_split", "stage": "prefill", "node": "node3", "event": "end", "timestamp_ns": 1769785175975724176}
{"type": "stage_event", "request_id": "req-000055", "experiment_mode": "pd_split", "stage": "prefill", "node": "node1", "event": "start", "timestamp_ns": 1769785175987759896}
{"type": "stage_event", "request_id": "req-000055", "experiment_mode": "pd_split", "stage": "prefill", "node": "node3", "event": "end", "timestamp_ns": 1769785176308384398}
{"type": "stage_event", "request_id": "req-000056", "experiment_mode": "pd_split", "stage": "prefill", "node": "node1", "event": "start", "timestamp_ns": 1769785176320093069}
{"type": "stage_event", "request_id": "req-000056", "experiment_mode": "pd_split", "stage": "prefill", "node": "node3", "event": "end", "timestamp_ns": 1769785176645362485}
{"type": "stage_event", "request_id": "req-000057", "experiment_mode": "pd_split", "stage": "prefill", "node": "node1", "event": "start", "timestamp_ns": 1769785179974346279}
{"type": "stage_event", "request_id": "req-000057", "experiment_mode": "pd_split", "stage": "prefill", "node": "node3", "event": "end", "timestamp_ns": 1769785184245460887}
{"type": "stage_event", "request_id": "req-000058", "experiment_mode": "pd_split", "stage": "prefill", "node": "node1", "event": "start", "timestamp_ns": 1769785184258012074}
{"type": "stage_event", "request_id": "req-000058", "experiment_mode": "pd_split", "stage": "prefill", "node": "node3", "event": "end", "timestamp_ns": 1769785187982429158}
{"type": "stage_event", "request_id": "req-000059", "experiment_mode": "pd_split", "stage": "prefill", "node": "node1", "event": "start", "timestamp_ns": 1769785187993780413}
{"type": "stage_event", "request_id": "req-000059", "experiment_mode": "pd_split", "stage": "prefill", "node": "node3", "event": "end", "timestamp_ns": 1769785190990680292}
{"type": "stage_event", "request_id": "req-000060", "experiment_mode": "pd_split", "stage": "prefill", "node": "node1", "event": "start", "timestamp_ns": 1769785191001886582}
{"type": "stage_event", "request_id": "req-000060", "experiment_mode": "pd_split", "stage": "prefill", "node": "node3", "event": "end", "timestamp_ns": 1769785194278193960}
{"type": "stage_event", "request_id": "req-000061", "experiment_mode": "pd_split", "stage": "prefill", "node": "node1", "event": "start", "timestamp_ns": 1769785194289395738}
{"type": "stage_event", "request_id": "req-000061", "experiment_mode": "pd_split", "stage": "prefill", "node": "node3", "event": "end", "timestamp_ns": 1769785198271654843}
{"type": "stage_event", "request_id": "req-000062", "experiment_mode": "pd_split", "stage": "prefill", "node": "node1", "event": "start", "timestamp_ns": 1769785198283007153}
{"type": "stage_event", "request_id": "req-000062", "experiment_mode": "pd_split", "stage": "prefill", "node": "node3", "event": "end", "timestamp_ns": 1769785201398789215}
{"type": "stage_event", "request_id": "req-000063", "experiment_mode": "pd_split", "stage": "prefill", "node": "node1", "event": "start", "timestamp_ns": 1769785201410081012}
{"type": "stage_event", "request_id": "req-000063", "experiment_mode": "pd_split", "stage": "prefill", "node": "node3", "event": "end", "timestamp_ns": 1769785204200370867}
{"type": "stage_event", "request_id": "req-000064", "experiment_mode": "pd_split", "stage": "prefill", "node": "node1", "event": "start", "timestamp_ns": 1769785204213157004}
{"type": "stage_event", "request_id": "req-000064", "experiment_mode": "pd_split", "stage": "prefill", "node": "node3", "event": "end", "timestamp_ns": 1769785207603796062}
{"type": "stage_event", "request_id": "req-000053", "experiment_mode": "pd_split", "stage": "decode", "node": "node5", "event": "end", "timestamp_ns": 1769785211903857727}
{"type": "stage_event", "request_id": "req-000054", "experiment_mode": "pd_split", "stage": "decode", "node": "node5", "event": "start", "timestamp_ns": 1769785211909253155}
{"type": "stage_event", "request_id": "req-000054", "experiment_mode": "pd_split", "stage": "decode", "node": "node5", "event": "end", "timestamp_ns": 1769785233786624515}
{"type": "stage_event", "request_id": "req-000055", "experiment_mode": "pd_split", "stage": "decode", "node": "node5", "event": "start", "timestamp_ns": 1769785233791850499}
{"type": "stage_event", "request_id": "req-000055", "experiment_mode": "pd_split", "stage": "decode", "node": "node5", "event": "end", "timestamp_ns": 1769785255614350383}
{"type": "stage_event", "request_id": "req-000056", "experiment_mode": "pd_split", "stage": "decode", "node": "node5", "event": "start", "timestamp_ns": 1769785255619603695}
{"type": "stage_event", "request_id": "req-000056", "experiment_mode": "pd_split", "stage": "decode", "node": "node5", "event": "end", "timestamp_ns": 1769785277314850252}
{"type": "stage_event", "request_id": "req-000057", "experiment_mode": "pd_split", "stage": "decode", "node": "node5", "event": "start", "timestamp_ns": 1769785277319862214}
{"type": "stage_event", "request_id": "req-000057", "experiment_mode": "pd_split", "stage": "decode", "node": "node5", "event": "end", "timestamp_ns": 1769785279900832515}
{"type": "stage_event", "request_id": "req-000058", "experiment_mode": "pd_split", "stage": "decode", "node": "node5", "event": "start", "timestamp_ns": 1769785279904511196}
{"type": "stage_event", "request_id": "req-000058", "experiment_mode": "pd_split", "stage": "decode", "node": "node5", "event": "end", "timestamp_ns": 1769785282308879332}
{"type": "stage_event", "request_id": "req-000059", "experiment_mode": "pd_split", "stage": "decode", "node": "node5", "event": "start", "timestamp_ns": 1769785282312437658}
{"type": "stage_event", "request_id": "req-000059", "experiment_mode": "pd_split", "stage": "decode", "node": "node5", "event": "end", "timestamp_ns": 1769785284504666606}
{"type": "stage_event", "request_id": "req-000060", "experiment_mode": "pd_split", "stage": "decode", "node": "node5", "event": "start", "timestamp_ns": 1769785284507844379}
{"type": "stage_event", "request_id": "req-000060", "experiment_mode": "pd_split", "stage": "decode", "node": "node5", "event": "end", "timestamp_ns": 1769785286755773746}
{"type": "stage_event", "request_id": "req-000061", "experiment_mode": "pd_split", "stage": "decode", "node": "node5", "event": "start", "timestamp_ns": 1769785286759267431}
{"type": "stage_event", "request_id": "req-000061", "experiment_mode": "pd_split", "stage": "decode", "node": "node5", "event": "end", "timestamp_ns": 1769785289209277389}
{"type": "stage_event", "request_id": "req-000062", "experiment_mode": "pd_split", "stage": "decode", "node": "node5", "event": "start", "timestamp_ns": 1769785289212869892}
{"type": "stage_event", "request_id": "req-000062", "experiment_mode": "pd_split", "stage": "decode", "node": "node5", "event": "end", "timestamp_ns": 1769785291435511621}
{"type": "stage_event", "request_id": "req-000063", "experiment_mode": "pd_split", "stage": "decode", "node": "node5", "event": "start", "timestamp_ns": 1769785291438714387}
{"type": "stage_event", "request_id": "req-000063", "experiment_mode": "pd_split", "stage": "decode", "node": "node5", "event": "end", "timestamp_ns": 1769785293574558060}
{"type": "stage_event", "request_id": "req-000064", "experiment_mode": "pd_split", "stage": "decode", "node": "node5", "event": "start", "timestamp_ns": 1769785293577605270}
{"type": "stage_event", "request_id": "req-000064", "experiment_mode": "pd_split", "stage": "decode", "node": "node5", "event": "end", "timestamp_ns": 1769785295899341267}
{"type": "stage_event", "request_id": "req-000065", "experiment_mode": "pd_split", "stage": "prefill", "node": "node1", "event": "start", "timestamp_ns": 1769785326432287965}
{"type": "stage_event", "request_id": "req-000065", "experiment_mode": "pd_split", "stage": "prefill", "node": "node3", "event": "end", "timestamp_ns": 1769785326827071055}
{"type": "stage_event", "request_id": "req-000066", "experiment_mode": "pd_split", "stage": "prefill", "node": "node1", "event": "start", "timestamp_ns": 1769785326838982800}
{"type": "stage_event", "request_id": "req-000065", "experiment_mode": "pd_split", "stage": "decode", "node": "node5", "event": "start", "timestamp_ns": 1769785326841175045}
{"type": "stage_event", "request_id": "req-000066", "experiment_mode": "pd_split", "stage": "prefill", "node": "node3", "event": "end", "timestamp_ns": 1769785327153752970}
{"type": "stage_event", "request_id": "req-000067", "experiment_mode": "pd_split", "stage": "prefill", "node": "node1", "event": "start", "timestamp_ns": 1769785327164824151}
{"type": "stage_event", "request_id": "req-000067", "experiment_mode": "pd_split", "stage": "prefill", "node": "node3", "event": "end", "timestamp_ns": 1769785327473605056}
{"type": "stage_event", "request_id": "req-000068", "experiment_mode": "pd_split", "stage": "prefill", "node": "node1", "event": "start", "timestamp_ns": 1769785327485442271}
{"type": "stage_event", "request_id": "req-000068", "experiment_mode": "pd_split", "stage": "prefill", "node": "node3", "event": "end", "timestamp_ns": 1769785327792941193}
{"type": "stage_event", "request_id": "req-000065", "experiment_mode": "pd_split", "stage": "decode", "node": "node5", "event": "end", "timestamp_ns": 1769785348751106453}
{"type": "stage_event", "request_id": "req-000066", "experiment_mode": "pd_split", "stage": "decode", "node": "node5", "event": "start", "timestamp_ns": 1769785348757017380}
{"type": "stage_event", "request_id": "req-000066", "experiment_mode": "pd_split", "stage": "decode", "node": "node5", "event": "end", "timestamp_ns": 1769785370634502821}
{"type": "stage_event", "request_id": "req-000067", "experiment_mode": "pd_split", "stage": "decode", "node": "node5", "event": "start", "timestamp_ns": 1769785370640361043}
{"type": "stage_event", "request_id": "req-000067", "experiment_mode": "pd_split", "stage": "decode", "node": "node5", "event": "end", "timestamp_ns": 1769785392497843729}
{"type": "stage_event", "request_id": "req-000068", "experiment_mode": "pd_split", "stage": "decode", "node": "node5", "event": "start", "timestamp_ns": 1769785392503600509}
{"type": "stage_event", "request_id": "req-000068", "experiment_mode": "pd_split", "stage": "decode", "node": "node5", "event": "end", "timestamp_ns": 1769785414417343045}
{"type": "stage_event", "request_id": "req-000069", "experiment_mode": "pd_split", "stage": "prefill", "node": "node1", "event": "start", "timestamp_ns": 1769785445548147952}
{"type": "stage_event", "request_id": "req-000069", "experiment_mode": "pd_split", "stage": "prefill", "node": "node3", "event": "end", "timestamp_ns": 1769785445884285024}
{"type": "stage_event", "request_id": "req-000069", "experiment_mode": "pd_split", "stage": "decode", "node": "node5", "event": "start", "timestamp_ns": 1769785445886666009}
{"type": "stage_event", "request_id": "req-000070", "experiment_mode": "pd_split", "stage": "prefill", "node": "node1", "event": "start", "timestamp_ns": 1769785445915581203}
{"type": "stage_event", "request_id": "req-000071", "experiment_mode": "pd_split", "stage": "prefill", "node": "node1", "event": "start", "timestamp_ns": 1769785445915755991}
{"type": "stage_event", "request_id": "req-000072", "experiment_mode": "pd_split", "stage": "prefill", "node": "node1", "event": "start", "timestamp_ns": 1769785445916009437}
{"type": "stage_event", "request_id": "req-000070", "experiment_mode": "pd_split", "stage": "prefill", "node": "node3", "event": "end", "timestamp_ns": 1769785446383337291}
{"type": "stage_event", "request_id": "req-000071", "experiment_mode": "pd_split", "stage": "prefill", "node": "node3", "event": "end", "timestamp_ns": 1769785446383942266}
{"type": "stage_event", "request_id": "req-000072", "experiment_mode": "pd_split", "stage": "prefill", "node": "node3", "event": "end", "timestamp_ns": 1769785446384533576}
{"type": "stage_event", "request_id": "req-000069", "experiment_mode": "pd_split", "stage": "decode", "node": "node5", "event": "end", "timestamp_ns": 1769785467826054082}
{"type": "stage_event", "request_id": "req-000070", "experiment_mode": "pd_split", "stage": "decode", "node": "node5", "event": "start", "timestamp_ns": 1769785467839800206}
{"type": "stage_event", "request_id": "req-000071", "experiment_mode": "pd_split", "stage": "decode", "node": "node5", "event": "start", "timestamp_ns": 1769785467839880080}
{"type": "stage_event", "request_id": "req-000072", "experiment_mode": "pd_split", "stage": "decode", "node": "node5", "event": "start", "timestamp_ns": 1769785467839955890}
{"type": "stage_event", "request_id": "req-000070", "experiment_mode": "pd_split", "stage": "decode", "node": "node5", "event": "end", "timestamp_ns": 1769785492840726022}
{"type": "stage_event", "request_id": "req-000071", "experiment_mode": "pd_split", "stage": "decode", "node": "node5", "event": "end", "timestamp_ns": 1769785492844577731}
{"type": "stage_event", "request_id": "req-000072", "experiment_mode": "pd_split", "stage": "decode", "node": "node5", "event": "end", "timestamp_ns": 1769785492848755816}
{"type": "stage_event", "request_id": "req-000073", "experiment_mode": "pd_split", "stage": "prefill", "node": "node1", "event": "start", "timestamp_ns": 1769785516632219748}
{"type": "stage_event", "request_id": "req-000073", "experiment_mode": "pd_split", "stage": "prefill", "node": "node3", "event": "end", "timestamp_ns": 1769785518546145988}
{"type": "stage_event", "request_id": "req-000073", "experiment_mode": "pd_split", "stage": "decode", "node": "node5", "event": "start", "timestamp_ns": 1769785518549191917}
{"type": "stage_event", "request_id": "req-000074", "experiment_mode": "pd_split", "stage": "prefill", "node": "node1", "event": "start", "timestamp_ns": 1769785518582561072}
{"type": "stage_event", "request_id": "req-000075", "experiment_mode": "pd_split", "stage": "prefill", "node": "node1", "event": "start", "timestamp_ns": 1769785518582758964}
{"type": "stage_event", "request_id": "req-000076", "experiment_mode": "pd_split", "stage": "prefill", "node": "node1", "event": "start", "timestamp_ns": 1769785518583238208}
{"type": "stage_event", "request_id": "req-000074", "experiment_mode": "pd_split", "stage": "prefill", "node": "node3", "event": "end", "timestamp_ns": 1769785519040339221}
{"type": "stage_event", "request_id": "req-000075", "experiment_mode": "pd_split", "stage": "prefill", "node": "node3", "event": "end", "timestamp_ns": 1769785519041538898}
{"type": "stage_event", "request_id": "req-000076", "experiment_mode": "pd_split", "stage": "prefill", "node": "node3", "event": "end", "timestamp_ns": 1769785519042517546}
{"type": "stage_event", "request_id": "req-000077", "experiment_mode": "pd_split", "stage": "prefill", "node": "node1", "event": "start", "timestamp_ns": 1769785522335487226}
{"type": "stage_event", "request_id": "req-000077", "experiment_mode": "pd_split", "stage": "prefill", "node": "node3", "event": "end", "timestamp_ns": 1769785526627605951}
{"type": "stage_event", "request_id": "req-000078", "experiment_mode": "pd_split", "stage": "prefill", "node": "node1", "event": "start", "timestamp_ns": 1769785526660217680}
{"type": "stage_event", "request_id": "req-000078", "experiment_mode": "pd_split", "stage": "prefill", "node": "node3", "event": "end", "timestamp_ns": 1769785530374830724}
{"type": "stage_event", "request_id": "req-000079", "experiment_mode": "pd_split", "stage": "prefill", "node": "node1", "event": "start", "timestamp_ns": 1769785530406893671}
{"type": "stage_event", "request_id": "req-000080", "experiment_mode": "pd_split", "stage": "prefill", "node": "node1", "event": "start", "timestamp_ns": 1769785530407051563}
{"type": "stage_event", "request_id": "req-000079", "experiment_mode": "pd_split", "stage": "prefill", "node": "node3", "event": "end", "timestamp_ns": 1769785536619352806}
{"type": "stage_event", "request_id": "req-000080", "experiment_mode": "pd_split", "stage": "prefill", "node": "node3", "event": "end", "timestamp_ns": 1769785536619485161}
{"type": "stage_event", "request_id": "req-000081", "experiment_mode": "pd_split", "stage": "prefill", "node": "node1", "event": "start", "timestamp_ns": 1769785536662662519}
{"type": "stage_event", "request_id": "req-000082", "experiment_mode": "pd_split", "stage": "prefill", "node": "node1", "event": "start", "timestamp_ns": 1769785536662836315}
{"type": "stage_event", "request_id": "req-000083", "experiment_mode": "pd_split", "stage": "prefill", "node": "node1", "event": "start", "timestamp_ns": 1769785536663043392}
{"type": "stage_event", "request_id": "req-000081", "experiment_mode": "pd_split", "stage": "prefill", "node": "node3", "event": "end", "timestamp_ns": 1769785548224202654}
{"type": "stage_event", "request_id": "req-000082", "experiment_mode": "pd_split", "stage": "prefill", "node": "node3", "event": "end", "timestamp_ns": 1769785548224273024}
{"type": "stage_event", "request_id": "req-000083", "experiment_mode": "pd_split", "stage": "prefill", "node": "node3", "event": "end", "timestamp_ns": 1769785548224869198}
{"type": "stage_event", "request_id": "req-000084", "experiment_mode": "pd_split", "stage": "prefill", "node": "node1", "event": "start", "timestamp_ns": 1769785548279613042}
{"type": "stage_event", "request_id": "req-000084", "experiment_mode": "pd_split", "stage": "prefill", "node": "node3", "event": "end", "timestamp_ns": 1769785551696691696}
{"type": "stage_event", "request_id": "req-000073", "experiment_mode": "pd_split", "stage": "decode", "node": "node5", "event": "end", "timestamp_ns": 1769785557295637701}
{"type": "stage_event", "request_id": "req-000074", "experiment_mode": "pd_split", "stage": "decode", "node": "node5", "event": "start", "timestamp_ns": 1769785557309550067}
{"type": "stage_event", "request_id": "req-000075", "experiment_mode": "pd_split", "stage": "decode", "node": "node5", "event": "start", "timestamp_ns": 1769785557309643285}
{"type": "stage_event", "request_id": "req-000076", "experiment_mode": "pd_split", "stage": "decode", "node": "node5", "event": "start", "timestamp_ns": 1769785557309838394}
{"type": "stage_event", "request_id": "req-000074", "experiment_mode": "pd_split", "stage": "decode", "node": "node5", "event": "end", "timestamp_ns": 1769785582190669659}
{"type": "stage_event", "request_id": "req-000075", "experiment_mode": "pd_split", "stage": "decode", "node": "node5", "event": "end", "timestamp_ns": 1769785582194430677}
{"type": "stage_event", "request_id": "req-000076", "experiment_mode": "pd_split", "stage": "decode", "node": "node5", "event": "end", "timestamp_ns": 1769785582198535672}
{"type": "stage_event", "request_id": "req-000077", "experiment_mode": "pd_split", "stage": "decode", "node": "node5", "event": "start", "timestamp_ns": 1769785582217149686}
{"type": "stage_event", "request_id": "req-000077", "experiment_mode": "pd_split", "stage": "decode", "node": "node5", "event": "end", "timestamp_ns": 1769785584795275114}
{"type": "stage_event", "request_id": "req-000078", "experiment_mode": "pd_split", "stage": "decode", "node": "node5", "event": "start", "timestamp_ns": 1769785584807837528}
{"type": "stage_event", "request_id": "req-000078", "experiment_mode": "pd_split", "stage": "decode", "node": "node5", "event": "end", "timestamp_ns": 1769785587213653087}
{"type": "stage_event", "request_id": "req-000079", "experiment_mode": "pd_split", "stage": "decode", "node": "node5", "event": "start", "timestamp_ns": 1769785587225814915}
{"type": "stage_event", "request_id": "req-000079", "experiment_mode": "pd_split", "stage": "decode", "node": "node5", "event": "end", "timestamp_ns": 1769785589426634607}
{"type": "stage_event", "request_id": "req-000080", "experiment_mode": "pd_split", "stage": "decode", "node": "node5", "event": "start", "timestamp_ns": 1769785589438471403}
{"type": "stage_event", "request_id": "req-000080", "experiment_mode": "pd_split", "stage": "decode", "node": "node5", "event": "end", "timestamp_ns": 1769785592581039606}
{"type": "stage_event", "request_id": "req-000081", "experiment_mode": "pd_split", "stage": "decode", "node": "node5", "event": "start", "timestamp_ns": 1769785592593250843}
{"type": "stage_event", "request_id": "req-000081", "experiment_mode": "pd_split", "stage": "decode", "node": "node5", "event": "end", "timestamp_ns": 1769785597214359884}
{"type": "stage_event", "request_id": "req-000082", "experiment_mode": "pd_split", "stage": "decode", "node": "node5", "event": "start", "timestamp_ns": 1769785597226509007}
{"type": "stage_event", "request_id": "req-000082", "experiment_mode": "pd_split", "stage": "decode", "node": "node5", "event": "end", "timestamp_ns": 1769785599451061026}
{"type": "stage_event", "request_id": "req-000083", "experiment_mode": "pd_split", "stage": "decode", "node": "node5", "event": "start", "timestamp_ns": 1769785599462912607}
{"type": "stage_event", "request_id": "req-000083", "experiment_mode": "pd_split", "stage": "decode", "node": "node5", "event": "end", "timestamp_ns": 1769785601601882633}
{"type": "stage_event", "request_id": "req-000084", "experiment_mode": "pd_split", "stage": "decode", "node": "node5", "event": "start", "timestamp_ns": 1769785601613765478}
{"type": "stage_event", "request_id": "req-000084", "experiment_mode": "pd_split", "stage": "decode", "node": "node5", "event": "end", "timestamp_ns": 1769785603934022472}
{"type": "stage_event", "request_id": "req-000085", "experiment_mode": "pd_split", "stage": "prefill", "node": "node1", "event": "start", "timestamp_ns": 1769785626358661473}
{"type": "stage_event", "request_id": "req-000085", "experiment_mode": "pd_split", "stage": "prefill", "node": "node3", "event": "end", "timestamp_ns": 1769785627641187921}
{"type": "stage_event", "request_id": "req-000085", "experiment_mode": "pd_split", "stage": "decode", "node": "node5", "event": "start", "timestamp_ns": 1769785627644086839}
{"type": "stage_event", "request_id": "req-000086", "experiment_mode": "pd_split", "stage": "prefill", "node": "node1", "event": "start", "timestamp_ns": 1769785627672632451}
{"type": "stage_event", "request_id": "req-000087", "experiment_mode": "pd_split", "stage": "prefill", "node": "node1", "event": "start", "timestamp_ns": 1769785627672870217}
{"type": "stage_event", "request_id": "req-000088", "experiment_mode": "pd_split", "stage": "prefill", "node": "node1", "event": "start", "timestamp_ns": 1769785627673181712}
{"type": "stage_event", "request_id": "req-000086", "experiment_mode": "pd_split", "stage": "prefill", "node": "node3", "event": "end", "timestamp_ns": 1769785628139673692}
{"type": "stage_event", "request_id": "req-000087", "experiment_mode": "pd_split", "stage": "prefill", "node": "node3", "event": "end", "timestamp_ns": 1769785628140007011}
{"type": "stage_event", "request_id": "req-000088", "experiment_mode": "pd_split", "stage": "prefill", "node": "node3", "event": "end", "timestamp_ns": 1769785628140724277}
{"type": "stage_event", "request_id": "req-000089", "experiment_mode": "pd_split", "stage": "prefill", "node": "node1", "event": "start", "timestamp_ns": 1769785631733109370}
{"type": "stage_event", "request_id": "req-000089", "experiment_mode": "pd_split", "stage": "prefill", "node": "node3", "event": "end", "timestamp_ns": 1769785636022277739}
{"type": "stage_event", "request_id": "req-000090", "experiment_mode": "pd_split", "stage": "prefill", "node": "node1", "event": "start", "timestamp_ns": 1769785636054369900}
{"type": "stage_event", "request_id": "req-000090", "experiment_mode": "pd_split", "stage": "prefill", "node": "node3", "event": "end", "timestamp_ns": 1769785639794428878}
{"type": "stage_event", "request_id": "req-000091", "experiment_mode": "pd_split", "stage": "prefill", "node": "node1", "event": "start", "timestamp_ns": 1769785639825640729}
{"type": "stage_event", "request_id": "req-000092", "experiment_mode": "pd_split", "stage": "prefill", "node": "node1", "event": "start", "timestamp_ns": 1769785639825835070}
{"type": "stage_event", "request_id": "req-000091", "experiment_mode": "pd_split", "stage": "prefill", "node": "node3", "event": "end", "timestamp_ns": 1769785645958945915}
{"type": "stage_event", "request_id": "req-000092", "experiment_mode": "pd_split", "stage": "prefill", "node": "node3", "event": "end", "timestamp_ns": 1769785645959438471}
{"type": "stage_event", "request_id": "req-000093", "experiment_mode": "pd_split", "stage": "prefill", "node": "node1", "event": "start", "timestamp_ns": 1769785646007392516}
{"type": "stage_event", "request_id": "req-000094", "experiment_mode": "pd_split", "stage": "prefill", "node": "node1", "event": "start", "timestamp_ns": 1769785646007590056}
{"type": "stage_event", "request_id": "req-000095", "experiment_mode": "pd_split", "stage": "prefill", "node": "node1", "event": "start", "timestamp_ns": 1769785646007914000}
{"type": "stage_event", "request_id": "req-000093", "experiment_mode": "pd_split", "stage": "prefill", "node": "node3", "event": "end", "timestamp_ns": 1769785657612516726}
{"type": "stage_event", "request_id": "req-000094", "experiment_mode": "pd_split", "stage": "prefill", "node": "node3", "event": "end", "timestamp_ns": 1769785657612819549}
{"type": "stage_event", "request_id": "req-000095", "experiment_mode": "pd_split", "stage": "prefill", "node": "node3", "event": "end", "timestamp_ns": 1769785657613042915}
{"type": "stage_event", "request_id": "req-000096", "experiment_mode": "pd_split", "stage": "prefill", "node": "node1", "event": "start", "timestamp_ns": 1769785657669482986}
{"type": "stage_event", "request_id": "req-000096", "experiment_mode": "pd_split", "stage": "prefill", "node": "node3", "event": "end", "timestamp_ns": 1769785661086184659}
{"type": "stage_event", "request_id": "req-000085", "experiment_mode": "pd_split", "stage": "decode", "node": "node5", "event": "end", "timestamp_ns": 1769785666595391355}
{"type": "stage_event", "request_id": "req-000086", "experiment_mode": "pd_split", "stage": "decode", "node": "node5", "event": "start", "timestamp_ns": 1769785666609384330}
{"type": "stage_event", "request_id": "req-000087", "experiment_mode": "pd_split", "stage": "decode", "node": "node5", "event": "start", "timestamp_ns": 1769785666609475180}
{"type": "stage_event", "request_id": "req-000088", "experiment_mode": "pd_split", "stage": "decode", "node": "node5", "event": "start", "timestamp_ns": 1769785666609740146}
